Archive member included to satisfy reference by file (symbol)

/usr/lib/gcc/arm-none-eabi/14.1.0/../../../../arm-none-eabi/lib/thumb/v7e-m+fp/hard/libc_nano.a(libc_a-atexit.o)
                              /usr/lib/gcc/arm-none-eabi/14.1.0/../../../../arm-none-eabi/lib/thumb/v7e-m+fp/hard/crt0.o (atexit)
/usr/lib/gcc/arm-none-eabi/14.1.0/../../../../arm-none-eabi/lib/thumb/v7e-m+fp/hard/libc_nano.a(libc_a-exit.o)
                              /usr/lib/gcc/arm-none-eabi/14.1.0/../../../../arm-none-eabi/lib/thumb/v7e-m+fp/hard/crt0.o (exit)
/usr/lib/gcc/arm-none-eabi/14.1.0/../../../../arm-none-eabi/lib/thumb/v7e-m+fp/hard/libc_nano.a(libc_a-findfp.o)
                              /usr/lib/gcc/arm-none-eabi/14.1.0/../../../../arm-none-eabi/lib/thumb/v7e-m+fp/hard/libc_nano.a(libc_a-exit.o) (__stdio_exit_handler)
/usr/lib/gcc/arm-none-eabi/14.1.0/../../../../arm-none-eabi/lib/thumb/v7e-m+fp/hard/libc_nano.a(libc_a-fwalk.o)
                              /usr/lib/gcc/arm-none-eabi/14.1.0/../../../../arm-none-eabi/lib/thumb/v7e-m+fp/hard/libc_nano.a(libc_a-findfp.o) (_fwalk_sglue)
/usr/lib/gcc/arm-none-eabi/14.1.0/../../../../arm-none-eabi/lib/thumb/v7e-m+fp/hard/libc_nano.a(libc_a-stdio.o)
                              /usr/lib/gcc/arm-none-eabi/14.1.0/../../../../arm-none-eabi/lib/thumb/v7e-m+fp/hard/libc_nano.a(libc_a-findfp.o) (__sread)
/usr/lib/gcc/arm-none-eabi/14.1.0/../../../../arm-none-eabi/lib/thumb/v7e-m+fp/hard/libc_nano.a(libc_a-memset.o)
                              /usr/lib/gcc/arm-none-eabi/14.1.0/../../../../arm-none-eabi/lib/thumb/v7e-m+fp/hard/crt0.o (memset)
/usr/lib/gcc/arm-none-eabi/14.1.0/../../../../arm-none-eabi/lib/thumb/v7e-m+fp/hard/libc_nano.a(libc_a-closer.o)
                              /usr/lib/gcc/arm-none-eabi/14.1.0/../../../../arm-none-eabi/lib/thumb/v7e-m+fp/hard/libc_nano.a(libc_a-stdio.o) (_close_r)
/usr/lib/gcc/arm-none-eabi/14.1.0/../../../../arm-none-eabi/lib/thumb/v7e-m+fp/hard/libc_nano.a(libc_a-reent.o)
                              /usr/lib/gcc/arm-none-eabi/14.1.0/../../../../arm-none-eabi/lib/thumb/v7e-m+fp/hard/libc_nano.a(libc_a-closer.o) (errno)
/usr/lib/gcc/arm-none-eabi/14.1.0/../../../../arm-none-eabi/lib/thumb/v7e-m+fp/hard/libc_nano.a(libc_a-impure.o)
                              /usr/lib/gcc/arm-none-eabi/14.1.0/../../../../arm-none-eabi/lib/thumb/v7e-m+fp/hard/libc_nano.a(libc_a-reent.o) (_impure_ptr)
/usr/lib/gcc/arm-none-eabi/14.1.0/../../../../arm-none-eabi/lib/thumb/v7e-m+fp/hard/libc_nano.a(libc_a-lseekr.o)
                              /usr/lib/gcc/arm-none-eabi/14.1.0/../../../../arm-none-eabi/lib/thumb/v7e-m+fp/hard/libc_nano.a(libc_a-stdio.o) (_lseek_r)
/usr/lib/gcc/arm-none-eabi/14.1.0/../../../../arm-none-eabi/lib/thumb/v7e-m+fp/hard/libc_nano.a(libc_a-readr.o)
                              /usr/lib/gcc/arm-none-eabi/14.1.0/../../../../arm-none-eabi/lib/thumb/v7e-m+fp/hard/libc_nano.a(libc_a-stdio.o) (_read_r)
/usr/lib/gcc/arm-none-eabi/14.1.0/../../../../arm-none-eabi/lib/thumb/v7e-m+fp/hard/libc_nano.a(libc_a-writer.o)
                              /usr/lib/gcc/arm-none-eabi/14.1.0/../../../../arm-none-eabi/lib/thumb/v7e-m+fp/hard/libc_nano.a(libc_a-stdio.o) (_write_r)
/usr/lib/gcc/arm-none-eabi/14.1.0/../../../../arm-none-eabi/lib/thumb/v7e-m+fp/hard/libc_nano.a(libc_a-init.o)
                              /usr/lib/gcc/arm-none-eabi/14.1.0/../../../../arm-none-eabi/lib/thumb/v7e-m+fp/hard/crt0.o (__libc_init_array)
/usr/lib/gcc/arm-none-eabi/14.1.0/../../../../arm-none-eabi/lib/thumb/v7e-m+fp/hard/libc_nano.a(libc_a-fini.o)
                              /usr/lib/gcc/arm-none-eabi/14.1.0/../../../../arm-none-eabi/lib/thumb/v7e-m+fp/hard/crt0.o (__libc_fini_array)
/usr/lib/gcc/arm-none-eabi/14.1.0/../../../../arm-none-eabi/lib/thumb/v7e-m+fp/hard/libc_nano.a(libc_a-lock.o)
                              /usr/lib/gcc/arm-none-eabi/14.1.0/../../../../arm-none-eabi/lib/thumb/v7e-m+fp/hard/libc_nano.a(libc_a-findfp.o) (__retarget_lock_init_recursive)
/usr/lib/gcc/arm-none-eabi/14.1.0/../../../../arm-none-eabi/lib/thumb/v7e-m+fp/hard/libc_nano.a(libc_a-__atexit.o)
                              /usr/lib/gcc/arm-none-eabi/14.1.0/../../../../arm-none-eabi/lib/thumb/v7e-m+fp/hard/libc_nano.a(libc_a-atexit.o) (__register_exitproc)
/usr/lib/gcc/arm-none-eabi/14.1.0/../../../../arm-none-eabi/lib/thumb/v7e-m+fp/hard/libc_nano.a(libc_a-__call_atexit.o)
                              /usr/lib/gcc/arm-none-eabi/14.1.0/../../../../arm-none-eabi/lib/thumb/v7e-m+fp/hard/libc_nano.a(libc_a-__atexit.o) (__call_exitprocs)
/usr/lib/gcc/arm-none-eabi/14.1.0/../../../../arm-none-eabi/lib/thumb/v7e-m+fp/hard/libc_nano.a(libc_a-freer.o)
                              /usr/lib/gcc/arm-none-eabi/14.1.0/../../../../arm-none-eabi/lib/thumb/v7e-m+fp/hard/libc_nano.a(libc_a-reent.o) (_free_r)
/usr/lib/gcc/arm-none-eabi/14.1.0/../../../../arm-none-eabi/lib/thumb/v7e-m+fp/hard/libc_nano.a(libc_a-mallocr.o)
[...]
Memory Configuration

Name             Origin             Length             Attributes
RAM              0x20000000         0x00020000         xrw
CCMRAM           0x10000000         0x00010000         xrw
FLASH            0x08000000         0x00100000         xr
*default*        0x00000000         0xffffffff

Linker script and memory map

LOAD /usr/lib/gcc/arm-none-eabi/14.1.0/thumb/v7e-m+fp/hard/crti.o
LOAD /usr/lib/gcc/arm-none-eabi/14.1.0/thumb/v7e-m+fp/hard/crtbegin.o
LOAD /usr/lib/gcc/arm-none-eabi/14.1.0/../../../../arm-none-eabi/lib/thumb/v7e-m+fp/hard/crt0.o
START GROUP
LOAD /usr/lib/gcc/arm-none-eabi/14.1.0/../../../../arm-none-eabi/lib/thumb/v7e-m+fp/hard/libc_nano.a
LOAD /usr/lib/gcc/arm-none-eabi/14.1.0/../../../../arm-none-eabi/lib/thumb/v7e-m+fp/hard/libm.a
END GROUP
LOAD CMakeFiles/000_cmake_test.dir/Core/Src/can.c.obj
LOAD CMakeFiles/000_cmake_test.dir/Core/Src/dma.c.obj
LOAD CMakeFiles/000_cmake_test.dir/Core/Src/gpio.c.obj
LOAD CMakeFiles/000_cmake_test.dir/Core/Src/main.c.obj
LOAD CMakeFiles/000_cmake_test.dir/Core/Src/stm32f4xx_hal_msp.c.obj
LOAD CMakeFiles/000_cmake_test.dir/Core/Src/stm32f4xx_it.c.obj
LOAD CMakeFiles/000_cmake_test.dir/Core/Src/system_stm32f4xx.c.obj
LOAD CMakeFiles/000_cmake_test.dir/Core/Src/usart.c.obj
LOAD CMakeFiles/000_cmake_test.dir/Core/Source/motor.c.obj
LOAD CMakeFiles/000_cmake_test.dir/Core/Source/pid.c.obj
LOAD CMakeFiles/000_cmake_test.dir/Core/Source/sysmem.c.obj
LOAD CMakeFiles/000_cmake_test.dir/Core/Source/system_hook.c.obj
LOAD CMakeFiles/000_cmake_test.dir/startup_stm32f407xx.s.obj
LOAD CMakeFiles/000_cmake_test.dir/Drivers/STM32F4xx_HAL_Driver/Src/stm32f4xx_hal.c.obj
LOAD CMakeFiles/000_cmake_test.dir/Drivers/STM32F4xx_HAL_Driver/Src/stm32f4xx_hal_adc.c.obj
LOAD CMakeFiles/000_cmake_test.dir/Drivers/STM32F4xx_HAL_Driver/Src/stm32f4xx_hal_adc_ex.c.obj
LOAD CMakeFiles/000_cmake_test.dir/Drivers/STM32F4xx_HAL_Driver/Src/stm32f4xx_hal_can.c.obj
LOAD CMakeFiles/000_cmake_test.dir/Drivers/STM32F4xx_HAL_Driver/Src/stm32f4xx_hal_cec.c.obj
LOAD CMakeFiles/000_cmake_test.dir/Drivers/STM32F4xx_HAL_Driver/Src/stm32f4xx_hal_cortex.c.obj
LOAD CMakeFiles/000_cmake_test.dir/Drivers/STM32F4xx_HAL_Driver/Src/stm32f4xx_hal_crc.c.obj
LOAD CMakeFiles/000_cmake_test.dir/Drivers/STM32F4xx_HAL_Driver/Src/stm32f4xx_hal_cryp.c.obj
LOAD CMakeFiles/000_cmake_test.dir/Drivers/STM32F4xx_HAL_Driver/Src/stm32f4xx_hal_cryp_ex.c.obj
LOAD CMakeFiles/000_cmake_test.dir/Drivers/STM32F4xx_HAL_Driver/Src/stm32f4xx_hal_dac.c.obj
LOAD CMakeFiles/000_cmake_test.dir/Drivers/STM32F4xx_HAL_Driver/Src/stm32f4xx_hal_dac_ex.c.obj
LOAD CMakeFiles/000_cmake_test.dir/Drivers/STM32F4xx_HAL_Driver/Src/stm32f4xx_hal_dcmi.c.obj
LOAD CMakeFiles/000_cmake_test.dir/Drivers/STM32F4xx_HAL_Driver/Src/stm32f4xx_hal_dcmi_ex.c.obj
LOAD CMakeFiles/000_cmake_test.dir/Drivers/STM32F4xx_HAL_Driver/Src/stm32f4xx_hal_dfsdm.c.obj
LOAD CMakeFiles/000_cmake_test.dir/Drivers/STM32F4xx_HAL_Driver/Src/stm32f4xx_hal_dma.c.obj
LOAD CMakeFiles/000_cmake_test.dir/Drivers/STM32F4xx_HAL_Driver/Src/stm32f4xx_hal_dma2d.c.obj
LOAD CMakeFiles/000_cmake_test.dir/Drivers/STM32F4xx_HAL_Driver/Src/stm32f4xx_hal_dma_ex.c.obj
LOAD CMakeFiles/000_cmake_test.dir/Drivers/STM32F4xx_HAL_Driver/Src/stm32f4xx_hal_dsi.c.obj
LOAD CMakeFiles/000_cmake_test.dir/Drivers/STM32F4xx_HAL_Driver/Src/stm32f4xx_hal_eth.c.obj
LOAD CMakeFiles/000_cmake_test.dir/Drivers/STM32F4xx_HAL_Driver/Src/stm32f4xx_hal_exti.c.obj
LOAD CMakeFiles/000_cmake_test.dir/Drivers/STM32F4xx_HAL_Driver/Src/stm32f4xx_hal_flash.c.obj
LOAD CMakeFiles/000_cmake_test.dir/Drivers/STM32F4xx_HAL_Driver/Src/stm32f4xx_hal_flash_ex.c.obj
LOAD CMakeFiles/000_cmake_test.dir/Drivers/STM32F4xx_HAL_Driver/Src/stm32f4xx_hal_flash_ramfunc.c.obj
LOAD CMakeFiles/000_cmake_test.dir/Drivers/STM32F4xx_HAL_Driver/Src/stm32f4xx_hal_fmpi2c.c.obj
LOAD CMakeFiles/000_cmake_test.dir/Drivers/STM32F4xx_HAL_Driver/Src/stm32f4xx_hal_fmpi2c_ex.c.obj
LOAD CMakeFiles/000_cmake_test.dir/Drivers/STM32F4xx_HAL_Driver/Src/stm32f4xx_hal_fmpsmbus.c.obj
LOAD CMakeFiles/000_cmake_test.dir/Drivers/STM32F4xx_HAL_Driver/Src/stm32f4xx_hal_fmpsmbus_ex.c.obj
LOAD CMakeFiles/000_cmake_test.dir/Drivers/STM32F4xx_HAL_Driver/Src/stm32f4xx_hal_gpio.c.obj
LOAD CMakeFiles/000_cmake_test.dir/Drivers/STM32F4xx_HAL_Driver/Src/stm32f4xx_hal_hash.c.obj
LOAD CMakeFiles/000_cmake_test.dir/Drivers/STM32F4xx_HAL_Driver/Src/stm32f4xx_hal_hash_ex.c.obj
LOAD CMakeFiles/000_cmake_test.dir/Drivers/STM32F4xx_HAL_Driver/Src/stm32f4xx_hal_hcd.c.obj
LOAD CMakeFiles/000_cmake_test.dir/Drivers/STM32F4xx_HAL_Driver/Src/stm32f4xx_hal_i2c.c.obj
LOAD CMakeFiles/000_cmake_test.dir/Drivers/STM32F4xx_HAL_Driver/Src/stm32f4xx_hal_i2c_ex.c.obj
LOAD CMakeFiles/000_cmake_test.dir/Drivers/STM32F4xx_HAL_Driver/Src/stm32f4xx_hal_i2s.c.obj
LOAD CMakeFiles/000_cmake_test.dir/Drivers/STM32F4xx_HAL_Driver/Src/stm32f4xx_hal_i2s_ex.c.obj
LOAD CMakeFiles/000_cmake_test.dir/Drivers/STM32F4xx_HAL_Driver/Src/stm32f4xx_hal_irda.c.obj
LOAD CMakeFiles/000_cmake_test.dir/Drivers/STM32F4xx_HAL_Driver/Src/stm32f4xx_hal_iwdg.c.obj
LOAD CMakeFiles/000_cmake_test.dir/Drivers/STM32F4xx_HAL_Driver/Src/stm32f4xx_hal_lptim.c.obj
LOAD CMakeFiles/000_cmake_test.dir/Drivers/STM32F4xx_HAL_Driver/Src/stm32f4xx_hal_ltdc.c.obj
LOAD CMakeFiles/000_cmake_test.dir/Drivers/STM32F4xx_HAL_Driver/Src/stm32f4xx_hal_ltdc_ex.c.obj
LOAD CMakeFiles/000_cmake_test.dir/Drivers/STM32F4xx_HAL_Driver/Src/stm32f4xx_hal_mmc.c.obj
LOAD CMakeFiles/000_cmake_test.dir/Drivers/STM32F4xx_HAL_Driver/Src/stm32f4xx_hal_nand.c.obj
LOAD CMakeFiles/000_cmake_test.dir/Drivers/STM32F4xx_HAL_Driver/Src/stm32f4xx_hal_nor.c.obj
LOAD CMakeFiles/000_cmake_test.dir/Drivers/STM32F4xx_HAL_Driver/Src/stm32f4xx_hal_pccard.c.obj
LOAD CMakeFiles/000_cmake_test.dir/Drivers/STM32F4xx_HAL_Driver/Src/stm32f4xx_hal_pcd.c.obj
LOAD CMakeFiles/000_cmake_test.dir/Drivers/STM32F4xx_HAL_Driver/Src/stm32f4xx_hal_pcd_ex.c.obj
LOAD CMakeFiles/000_cmake_test.dir/Drivers/STM32F4xx_HAL_Driver/Src/stm32f4xx_hal_pwr.c.obj
LOAD CMakeFiles/000_cmake_test.dir/Drivers/STM32F4xx_HAL_Driver/Src/stm32f4xx_hal_pwr_ex.c.obj
LOAD CMakeFiles/000_cmake_test.dir/Drivers/STM32F4xx_HAL_Driver/Src/stm32f4xx_hal_qspi.c.obj
LOAD CMakeFiles/000_cmake_test.dir/Drivers/STM32F4xx_HAL_Driver/Src/stm32f4xx_hal_rcc.c.obj
LOAD CMakeFiles/000_cmake_test.dir/Drivers/STM32F4xx_HAL_Driver/Src/stm32f4xx_hal_rcc_ex.c.obj
LOAD CMakeFiles/000_cmake_test.dir/Drivers/STM32F4xx_HAL_Driver/Src/stm32f4xx_hal_rng.c.obj
LOAD CMakeFiles/000_cmake_test.dir/Drivers/STM32F4xx_HAL_Driver/Src/stm32f4xx_hal_rtc.c.obj
LOAD CMakeFiles/000_cmake_test.dir/Drivers/STM32F4xx_HAL_Driver/Src/stm32f4xx_hal_rtc_ex.c.obj
LOAD CMakeFiles/000_cmake_test.dir/Drivers/STM32F4xx_HAL_Driver/Src/stm32f4xx_hal_sai.c.obj
LOAD CMakeFiles/000_cmake_test.dir/Drivers/STM32F4xx_HAL_Driver/Src/stm32f4xx_hal_sai_ex.c.obj
LOAD CMakeFiles/000_cmake_test.dir/Drivers/STM32F4xx_HAL_Driver/Src/stm32f4xx_hal_sd.c.obj
LOAD CMakeFiles/000_cmake_test.dir/Drivers/STM32F4xx_HAL_Driver/Src/stm32f4xx_hal_sdram.c.obj
LOAD CMakeFiles/000_cmake_test.dir/Drivers/STM32F4xx_HAL_Driver/Src/stm32f4xx_hal_smartcard.c.obj
LOAD CMakeFiles/000_cmake_test.dir/Drivers/STM32F4xx_HAL_Driver/Src/stm32f4xx_hal_smbus.c.obj
LOAD CMakeFiles/000_cmake_test.dir/Drivers/STM32F4xx_HAL_Driver/Src/stm32f4xx_hal_spdifrx.c.obj
LOAD CMakeFiles/000_cmake_test.dir/Drivers/STM32F4xx_HAL_Driver/Src/stm32f4xx_hal_spi.c.obj
LOAD CMakeFiles/000_cmake_test.dir/Drivers/STM32F4xx_HAL_Driver/Src/stm32f4xx_hal_sram.c.obj
LOAD CMakeFiles/000_cmake_test.dir/Drivers/STM32F4xx_HAL_Driver/Src/stm32f4xx_hal_tim.c.obj
LOAD CMakeFiles/000_cmake_test.dir/Drivers/STM32F4xx_HAL_Driver/Src/stm32f4xx_hal_tim_ex.c.obj
LOAD CMakeFiles/000_cmake_test.dir/Drivers/STM32F4xx_HAL_Driver/Src/stm32f4xx_hal_uart.c.obj
LOAD CMakeFiles/000_cmake_test.dir/Drivers/STM32F4xx_HAL_Driver/Src/stm32f4xx_hal_usart.c.obj
LOAD CMakeFiles/000_cmake_test.dir/Drivers/STM32F4xx_HAL_Driver/Src/stm32f4xx_hal_wwdg.c.obj
LOAD CMakeFiles/000_cmake_test.dir/Drivers/STM32F4xx_HAL_Driver/Src/stm32f4xx_ll_adc.c.obj
LOAD CMakeFiles/000_cmake_test.dir/Drivers/STM32F4xx_HAL_Driver/Src/stm32f4xx_ll_crc.c.obj
LOAD CMakeFiles/000_cmake_test.dir/Drivers/STM32F4xx_HAL_Driver/Src/stm32f4xx_ll_dac.c.obj
LOAD CMakeFiles/000_cmake_test.dir/Drivers/STM32F4xx_HAL_Driver/Src/stm32f4xx_ll_dma.c.obj
LOAD CMakeFiles/000_cmake_test.dir/Drivers/STM32F4xx_HAL_Driver/Src/stm32f4xx_ll_dma2d.c.obj
LOAD CMakeFiles/000_cmake_test.dir/Drivers/STM32F4xx_HAL_Driver/Src/stm32f4xx_ll_exti.c.obj
LOAD CMakeFiles/000_cmake_test.dir/Drivers/STM32F4xx_HAL_Driver/Src/stm32f4xx_ll_fmc.c.obj
LOAD CMakeFiles/000_cmake_test.dir/Drivers/STM32F4xx_HAL_Driver/Src/stm32f4xx_ll_fmpi2c.c.obj
LOAD CMakeFiles/000_cmake_test.dir/Drivers/STM32F4xx_HAL_Driver/Src/stm32f4xx_ll_fsmc.c.obj
LOAD CMakeFiles/000_cmake_test.dir/Drivers/STM32F4xx_HAL_Driver/Src/stm32f4xx_ll_gpio.c.obj
LOAD CMakeFiles/000_cmake_test.dir/Drivers/STM32F4xx_HAL_Driver/Src/stm32f4xx_ll_i2c.c.obj
LOAD CMakeFiles/000_cmake_test.dir/Drivers/STM32F4xx_HAL_Driver/Src/stm32f4xx_ll_lptim.c.obj
LOAD CMakeFiles/000_cmake_test.dir/Drivers/STM32F4xx_HAL_Driver/Src/stm32f4xx_ll_pwr.c.obj
LOAD CMakeFiles/000_cmake_test.dir/Drivers/STM32F4xx_HAL_Driver/Src/stm32f4xx_ll_rcc.c.obj
LOAD CMakeFiles/000_cmake_test.dir/Drivers/STM32F4xx_HAL_Driver/Src/stm32f4xx_ll_rng.c.obj
LOAD CMakeFiles/000_cmake_test.dir/Drivers/STM32F4xx_HAL_Driver/Src/stm32f4xx_ll_rtc.c.obj
LOAD CMakeFiles/000_cmake_test.dir/Drivers/STM32F4xx_HAL_Driver/Src/stm32f4xx_ll_sdmmc.c.obj
LOAD CMakeFiles/000_cmake_test.dir/Drivers/STM32F4xx_HAL_Driver/Src/stm32f4xx_ll_spi.c.obj
LOAD CMakeFiles/000_cmake_test.dir/Drivers/STM32F4xx_HAL_Driver/Src/stm32f4xx_ll_tim.c.obj
LOAD CMakeFiles/000_cmake_test.dir/Drivers/STM32F4xx_HAL_Driver/Src/stm32f4xx_ll_usart.c.obj
LOAD CMakeFiles/000_cmake_test.dir/Drivers/STM32F4xx_HAL_Driver/Src/stm32f4xx_ll_usb.c.obj
LOAD CMakeFiles/000_cmake_test.dir/Drivers/STM32F4xx_HAL_Driver/Src/stm32f4xx_ll_utils.c.obj
START GROUP
LOAD /usr/lib/gcc/arm-none-eabi/14.1.0/thumb/v7e-m+fp/hard/libgcc.a
LOAD /usr/lib/gcc/arm-none-eabi/14.1.0/../../../../arm-none-eabi/lib/thumb/v7e-m+fp/hard/libc_nano.a
END GROUP
START GROUP
LOAD /usr/lib/gcc/arm-none-eabi/14.1.0/thumb/v7e-m+fp/hard/libgcc.a
LOAD /usr/lib/gcc/arm-none-eabi/14.1.0/../../../../arm-none-eabi/lib/thumb/v7e-m+fp/hard/libc_nano.a
END GROUP
LOAD /usr/lib/gcc/arm-none-eabi/14.1.0/thumb/v7e-m+fp/hard/crtend.o
LOAD /usr/lib/gcc/arm-none-eabi/14.1.0/thumb/v7e-m+fp/hard/crtn.o
                0x20020000                        _estack = (ORIGIN (RAM) + LENGTH (RAM))
                0x00000200                        _Min_Heap_Size = 0x200
                0x00000400                        _Min_Stack_Size = 0x400

.isr_vector     0x08000000      0x188
                0x08000000                        . = ALIGN (0x4)
 *(.isr_vector)
 .isr_vector    0x08000000      0x188 CMakeFiles/000_cmake_test.dir/startup_stm32f407xx.s.obj
                0x08000000                g_pfnVectors
                0x08000188                        . = ALIGN (0x4)

.text           0x08000190     0x3600
                0x08000190                        . = ALIGN (0x4)
 *(.text)
 .text          0x08000190      0x378 /usr/lib/gcc/arm-none-eabi/14.1.0/thumb/v7e-m+fp/hard/libgcc.a(_arm_addsubdf3.o)
                0x08000190                __aeabi_drsub
                0x08000198                __aeabi_dsub
                0x08000198                __subdf3
                0x0800019c                __adddf3
                0x0800019c                __aeabi_dadd
                0x08000414                __aeabi_ui2d
                0x08000414                __floatunsidf
                0x08000434                __floatsidf
                0x08000434                __aeabi_i2d
                0x08000458                __extendsfdf2
                0x08000458                __aeabi_f2d
                0x0800049c                __aeabi_ul2d
                0x0800049c                __floatundidf
                0x080004ac                __floatdidf
                0x080004ac                __aeabi_l2d
 .text          0x08000508       0x30 /usr/lib/gcc/arm-none-eabi/14.1.0/thumb/v7e-m+fp/hard/libgcc.a(_aeabi_uldivmod.o)
                0x08000508                __aeabi_uldivmod
 .text          0x08000538        0x4 /usr/lib/gcc/arm-none-eabi/14.1.0/thumb/v7e-m+fp/hard/libgcc.a(_dvmd_tls.o)
                0x08000538                __aeabi_ldiv0
                0x08000538                __aeabi_idiv0
 *fill*         0x0800053c        0x4 
 .text          0x08000540       0xa0 /usr/lib/gcc/arm-none-eabi/14.1.0/../../../../arm-none-eabi/lib/thumb/v7e-m+fp/hard/libc_nano.a(libc_a-memchr.o)
                0x08000540                memchr
 *(.text*)
 .text.__do_global_dtors_aux
                0x080005e0       0x24 /usr/lib/gcc/arm-none-eabi/14.1.0/thumb/v7e-m+fp/hard/crtbegin.o
 .text.frame_dummy
                0x08000604       0x1c /usr/lib/gcc/arm-none-eabi/14.1.0/thumb/v7e-m+fp/hard/crtbegin.o
 .text.__libc_init_array
                0x08000620       0x48 /usr/lib/gcc/arm-none-eabi/14.1.0/../../../../arm-none-eabi/lib/thumb/v7e-m+fp/hard/libc_nano.a(libc_a-init.o)
                0x08000620                __libc_init_array
 .text.__retarget_lock_acquire_recursive
                0x08000668        0x2 /usr/lib/gcc/arm-none-eabi/14.1.0/../../../../arm-none-eabi/lib/thumb/v7e-m+fp/hard/libc_nano.a(libc_a-lock.o)
                0x08000668                __retarget_lock_acquire_recursive
 .text.__retarget_lock_release_recursive
                0x0800066a        0x2 /usr/lib/gcc/arm-none-eabi/14.1.0/../../../../arm-none-eabi/lib/thumb/v7e-m+fp/hard/libc_nano.a(libc_a-lock.o)
                0x0800066a                __retarget_lock_release_recursive
 .text._free_r  0x0800066c       0x94 /usr/lib/gcc/arm-none-eabi/14.1.0/../../../../arm-none-eabi/lib/thumb/v7e-m+fp/hard/libc_nano.a(libc_a-freer.o)
                0x0800066c                _free_r
 .text.sbrk_aligned
                0x08000700       0x44 /usr/lib/gcc/arm-none-eabi/14.1.0/../../../../arm-none-eabi/lib/thumb/v7e-m+fp/hard/libc_nano.a(libc_a-mallocr.o)
 .text._malloc_r
                0x08000744      0x100 /usr/lib/gcc/arm-none-eabi/14.1.0/../../../../arm-none-eabi/lib/thumb/v7e-m+fp/hard/libc_nano.a(libc_a-mallocr.o)
                0x08000744                _malloc_r
 .text.__malloc_lock
                0x08000844        0xc /usr/lib/gcc/arm-none-eabi/14.1.0/../../../../arm-none-eabi/lib/thumb/v7e-m+fp/hard/libc_nano.a(libc_a-mlock.o)
                0x08000844                __malloc_lock
 .text.__malloc_unlock
                0x08000850        0xc /usr/lib/gcc/arm-none-eabi/14.1.0/../../../../arm-none-eabi/lib/thumb/v7e-m+fp/hard/libc_nano.a(libc_a-mlock.o)
                0x08000850                __malloc_unlock
 .text._sbrk_r  0x0800085c       0x20 /usr/lib/gcc/arm-none-eabi/14.1.0/../../../../arm-none-eabi/lib/thumb/v7e-m+fp/hard/libc_nano.a(libc_a-sbrkr.o)
                0x0800085c                _sbrk_r
 .text.MX_CAN1_Init
                0x0800087c       0x50 CMakeFiles/000_cmake_test.dir/Core/Src/can.c.obj
                0x0800087c                MX_CAN1_Init
 *fill*         0x080008cc        0x4 
 .text.HAL_CAN_MspInit
                0x080008d0       0x88 CMakeFiles/000_cmake_test.dir/Core/Src/can.c.obj
                0x080008d0                HAL_CAN_MspInit
 .text.MX_DMA_Init
                0x08000958       0x34 CMakeFiles/000_cmake_test.dir/Core/Src/dma.c.obj
                0x08000958                MX_DMA_Init
 .text.MX_GPIO_Init
                0x0800098c       0x94 CMakeFiles/000_cmake_test.dir/Core/Src/gpio.c.obj
                0x0800098c                MX_GPIO_Init
 .text.startup.main
                0x08000a20       0xb8 CMakeFiles/000_cmake_test.dir/Core/Src/main.c.obj
                0x08000a20                main
 .text.HAL_CAN_RxFifo0MsgPendingCallback
                0x08000ad8       0xa4 CMakeFiles/000_cmake_test.dir/Core/Src/main.c.obj
                0x08000ad8                HAL_CAN_RxFifo0MsgPendingCallback
 .text.HAL_UART_RxCpltCallback
                0x08000b7c        0xc CMakeFiles/000_cmake_test.dir/Core/Src/main.c.obj
                0x08000b7c                HAL_UART_RxCpltCallback
 .text.HAL_MspInit
                0x08000b88       0x38 CMakeFiles/000_cmake_test.dir/Core/Src/stm32f4xx_hal_msp.c.obj
                0x08000b88                HAL_MspInit
 .text.NMI_Handler
                0x08000bc0        0x4 CMakeFiles/000_cmake_test.dir/Core/Src/stm32f4xx_it.c.obj
                0x08000bc0                NMI_Handler
 .text.HardFault_Handler
                0x08000bc4        0x4 CMakeFiles/000_cmake_test.dir/Core/Src/stm32f4xx_it.c.obj
                0x08000bc4                HardFault_Handler
 .text.MemManage_Handler
                0x08000bc8        0x4 CMakeFiles/000_cmake_test.dir/Core/Src/stm32f4xx_it.c.obj
                0x08000bc8                MemManage_Handler
 .text.BusFault_Handler
                0x08000bcc        0x4 CMakeFiles/000_cmake_test.dir/Core/Src/stm32f4xx_it.c.obj
                0x08000bcc                BusFault_Handler
 .text.UsageFault_Handler
                0x08000bd0        0x4 CMakeFiles/000_cmake_test.dir/Core/Src/stm32f4xx_it.c.obj
                0x08000bd0                UsageFault_Handler
 .text.SVC_Handler
                0x08000bd4        0x4 CMakeFiles/000_cmake_test.dir/Core/Src/stm32f4xx_it.c.obj
                0x08000bd4                SVC_Handler
 .text.DebugMon_Handler
                0x08000bd8        0x4 CMakeFiles/000_cmake_test.dir/Core/Src/stm32f4xx_it.c.obj
                0x08000bd8                DebugMon_Handler
 .text.PendSV_Handler
                0x08000bdc        0x4 CMakeFiles/000_cmake_test.dir/Core/Src/stm32f4xx_it.c.obj
                0x08000bdc                PendSV_Handler
 .text.SysTick_Handler
                0x08000be0        0x4 CMakeFiles/000_cmake_test.dir/Core/Src/stm32f4xx_it.c.obj
                0x08000be0                SysTick_Handler
 .text.USART1_IRQHandler
                0x08000be4        0xc CMakeFiles/000_cmake_test.dir/Core/Src/stm32f4xx_it.c.obj
                0x08000be4                USART1_IRQHandler
 .text.DMA2_Stream7_IRQHandler
                0x08000bf0        0xc CMakeFiles/000_cmake_test.dir/Core/Src/stm32f4xx_it.c.obj
                0x08000bf0                DMA2_Stream7_IRQHandler
 .text.CAN1_RX0_IRQHandler
                0x08000bfc        0xc CMakeFiles/000_cmake_test.dir/Core/Src/stm32f4xx_it.c.obj
                0x08000bfc                CAN1_RX0_IRQHandler
 .text.SystemClock_Config
                0x08000c08       0x98 CMakeFiles/000_cmake_test.dir/Core/Src/system_stm32f4xx.c.obj
                0x08000c08                SystemClock_Config
 .text.SystemInit
                0x08000ca0       0x14 CMakeFiles/000_cmake_test.dir/Core/Src/system_stm32f4xx.c.obj
                0x08000ca0                SystemInit
 .text.MX_USART1_UART_Init
                0x08000cb4       0x30 CMakeFiles/000_cmake_test.dir/Core/Src/usart.c.obj
                0x08000cb4                MX_USART1_UART_Init
 .text.HAL_UART_MspInit
                0x08000ce4       0xe4 CMakeFiles/000_cmake_test.dir/Core/Src/usart.c.obj
                0x08000ce4                HAL_UART_MspInit
 .text.get_msg  0x08000dc8       0x48 CMakeFiles/000_cmake_test.dir/Core/Source/motor.c.obj
                0x08000dc8                get_msg
 .text.sent_msg
                0x08000e10       0x4c CMakeFiles/000_cmake_test.dir/Core/Source/motor.c.obj
                0x08000e10                sent_msg
 .text.PID_Init
                0x08000e5c       0x18 CMakeFiles/000_cmake_test.dir/Core/Source/pid.c.obj
                0x08000e5c                PID_Init
 .text.update_pid
                0x08000e74       0x88 CMakeFiles/000_cmake_test.dir/Core/Source/pid.c.obj
                0x08000e74                update_pid
 .text._sbrk    0x08000efc       0x44 CMakeFiles/000_cmake_test.dir/Core/Source/sysmem.c.obj
                0x08000efc                _sbrk
 .text.uprintf  0x08000f40       0x54 CMakeFiles/000_cmake_test.dir/Core/Source/system_hook.c.obj
                0x08000f40                uprintf
 .text.Reset_Handler
                0x08000f94       0x50 CMakeFiles/000_cmake_test.dir/startup_stm32f407xx.s.obj
                0x08000f94                Reset_Handler
 .text.Default_Handler
                0x08000fe4        0x2 CMakeFiles/000_cmake_test.dir/startup_stm32f407xx.s.obj
                0x08000fe4                RTC_Alarm_IRQHandler
                0x08000fe4                HASH_RNG_IRQHandler
                0x08000fe4                EXTI2_IRQHandler
                0x08000fe4                TIM8_CC_IRQHandler
                0x08000fe4                TIM1_CC_IRQHandler
                0x08000fe4                DMA2_Stream5_IRQHandler
                0x08000fe4                DMA1_Stream5_IRQHandler
                0x08000fe4                PVD_IRQHandler
                0x08000fe4                SDIO_IRQHandler
                0x08000fe4                TAMP_STAMP_IRQHandler
                0x08000fe4                CAN2_RX1_IRQHandler
                0x08000fe4                EXTI3_IRQHandler
                0x08000fe4                TIM8_TRG_COM_TIM14_IRQHandler
                0x08000fe4                TIM1_UP_TIM10_IRQHandler
                0x08000fe4                TIM8_UP_TIM13_IRQHandler
                0x08000fe4                I2C3_ER_IRQHandler
                0x08000fe4                EXTI0_IRQHandler
                0x08000fe4                I2C2_EV_IRQHandler
                0x08000fe4                DMA1_Stream2_IRQHandler
                0x08000fe4                FPU_IRQHandler
                0x08000fe4                OTG_HS_WKUP_IRQHandler
                0x08000fe4                CAN2_SCE_IRQHandler
                0x08000fe4                DMA2_Stream2_IRQHandler
                0x08000fe4                SPI1_IRQHandler
                0x08000fe4                TIM6_DAC_IRQHandler
                0x08000fe4                TIM1_BRK_TIM9_IRQHandler
                0x08000fe4                DCMI_IRQHandler
                0x08000fe4                CAN2_RX0_IRQHandler
                0x08000fe4                DMA2_Stream3_IRQHandler
                0x08000fe4                USART6_IRQHandler
                0x08000fe4                USART3_IRQHandler
                0x08000fe4                CAN1_RX1_IRQHandler
                0x08000fe4                UART5_IRQHandler
                0x08000fe4                DMA2_Stream0_IRQHandler
                0x08000fe4                TIM4_IRQHandler
                0x08000fe4                I2C1_EV_IRQHandler
                0x08000fe4                DMA1_Stream6_IRQHandler
                0x08000fe4                DMA1_Stream1_IRQHandler
                0x08000fe4                UART4_IRQHandler
                0x08000fe4                TIM3_IRQHandler
                0x08000fe4                RCC_IRQHandler
                0x08000fe4                TIM8_BRK_TIM12_IRQHandler
                0x08000fe4                Default_Handler
                0x08000fe4                EXTI15_10_IRQHandler
                0x08000fe4                ADC_IRQHandler
                0x08000fe4                DMA1_Stream7_IRQHandler
                0x08000fe4                TIM7_IRQHandler
                0x08000fe4                CAN2_TX_IRQHandler
                0x08000fe4                TIM5_IRQHandler
                0x08000fe4                I2C3_EV_IRQHandler
                0x08000fe4                EXTI9_5_IRQHandler
                0x08000fe4                RTC_WKUP_IRQHandler
                0x08000fe4                ETH_WKUP_IRQHandler
                0x08000fe4                SPI2_IRQHandler
                0x08000fe4                OTG_HS_EP1_IN_IRQHandler
                0x08000fe4                DMA1_Stream0_IRQHandler
                0x08000fe4                CAN1_TX_IRQHandler
                0x08000fe4                EXTI4_IRQHandler
                0x08000fe4                FSMC_IRQHandler
                0x08000fe4                ETH_IRQHandler
                0x08000fe4                OTG_HS_EP1_OUT_IRQHandler
                0x08000fe4                WWDG_IRQHandler
                0x08000fe4                TIM2_IRQHandler
                0x08000fe4                OTG_FS_WKUP_IRQHandler
                0x08000fe4                TIM1_TRG_COM_TIM11_IRQHandler
                0x08000fe4                OTG_HS_IRQHandler
                0x08000fe4                EXTI1_IRQHandler
                0x08000fe4                USART2_IRQHandler
                0x08000fe4                I2C2_ER_IRQHandler
                0x08000fe4                DMA2_Stream1_IRQHandler
                0x08000fe4                CAN1_SCE_IRQHandler
                0x08000fe4                FLASH_IRQHandler
                0x08000fe4                DMA2_Stream4_IRQHandler
                0x08000fe4                OTG_FS_IRQHandler
                0x08000fe4                SPI3_IRQHandler
                0x08000fe4                DMA1_Stream4_IRQHandler
                0x08000fe4                I2C1_ER_IRQHandler
                0x08000fe4                DMA2_Stream6_IRQHandler
                0x08000fe4                DMA1_Stream3_IRQHandler
 *fill*         0x08000fe6        0x2 
 .text.HAL_InitTick
                0x08000fe8       0x48 CMakeFiles/000_cmake_test.dir/Drivers/STM32F4xx_HAL_Driver/Src/stm32f4xx_hal.c.obj
                0x08000fe8                HAL_InitTick
 .text.HAL_Init
                0x08001030       0x34 CMakeFiles/000_cmake_test.dir/Drivers/STM32F4xx_HAL_Driver/Src/stm32f4xx_hal.c.obj
                0x08001030                HAL_Init
 .text.HAL_IncTick
                0x08001064       0x18 CMakeFiles/000_cmake_test.dir/Drivers/STM32F4xx_HAL_Driver/Src/stm32f4xx_hal.c.obj
                0x08001064                HAL_IncTick
 .text.HAL_GetTick
                0x0800107c        0xc CMakeFiles/000_cmake_test.dir/Drivers/STM32F4xx_HAL_Driver/Src/stm32f4xx_hal.c.obj
                0x0800107c                HAL_GetTick
 .text.HAL_Delay
                0x08001088       0x24 CMakeFiles/000_cmake_test.dir/Drivers/STM32F4xx_HAL_Driver/Src/stm32f4xx_hal.c.obj
                0x08001088                HAL_Delay
 .text.HAL_CAN_Init
                0x080010ac      0x100 CMakeFiles/000_cmake_test.dir/Drivers/STM32F4xx_HAL_Driver/Src/stm32f4xx_hal_can.c.obj
                0x080010ac                HAL_CAN_Init
 .text.HAL_CAN_ConfigFilter
                0x080011ac      0x120 CMakeFiles/000_cmake_test.dir/Drivers/STM32F4xx_HAL_Driver/Src/stm32f4xx_hal_can.c.obj
                0x080011ac                HAL_CAN_ConfigFilter
 .text.HAL_CAN_Start
                0x080012cc       0x5c CMakeFiles/000_cmake_test.dir/Drivers/STM32F4xx_HAL_Driver/Src/stm32f4xx_hal_can.c.obj
                0x080012cc                HAL_CAN_Start
 .text.HAL_CAN_AddTxMessage
                0x08001328       0xa4 CMakeFiles/000_cmake_test.dir/Drivers/STM32F4xx_HAL_Driver/Src/stm32f4xx_hal_can.c.obj
                0x08001328                HAL_CAN_AddTxMessage
 .text.HAL_CAN_GetRxMessage
                0x080013cc      0x108 CMakeFiles/000_cmake_test.dir/Drivers/STM32F4xx_HAL_Driver/Src/stm32f4xx_hal_can.c.obj
                0x080013cc                HAL_CAN_GetRxMessage
 .text.HAL_CAN_GetRxFifoFillLevel
                0x080014d4       0x24 CMakeFiles/000_cmake_test.dir/Drivers/STM32F4xx_HAL_Driver/Src/stm32f4xx_hal_can.c.obj
                0x080014d4                HAL_CAN_GetRxFifoFillLevel
 .text.HAL_CAN_ActivateNotification
                0x080014f8       0x24 CMakeFiles/000_cmake_test.dir/Drivers/STM32F4xx_HAL_Driver/Src/stm32f4xx_hal_can.c.obj
                0x080014f8                HAL_CAN_ActivateNotification
 .text.HAL_CAN_TxMailbox0CompleteCallback
                0x0800151c        0x4 CMakeFiles/000_cmake_test.dir/Drivers/STM32F4xx_HAL_Driver/Src/stm32f4xx_hal_can.c.obj
                0x0800151c                HAL_CAN_TxMailbox0CompleteCallback
 .text.HAL_CAN_TxMailbox1CompleteCallback
                0x08001520        0x4 CMakeFiles/000_cmake_test.dir/Drivers/STM32F4xx_HAL_Driver/Src/stm32f4xx_hal_can.c.obj
                0x08001520                HAL_CAN_TxMailbox1CompleteCallback
 .text.HAL_CAN_TxMailbox2CompleteCallback
                0x08001524        0x4 CMakeFiles/000_cmake_test.dir/Drivers/STM32F4xx_HAL_Driver/Src/stm32f4xx_hal_can.c.obj
                0x08001524                HAL_CAN_TxMailbox2CompleteCallback
 .text.HAL_CAN_TxMailbox0AbortCallback
                0x08001528        0x4 CMakeFiles/000_cmake_test.dir/Drivers/STM32F4xx_HAL_Driver/Src/stm32f4xx_hal_can.c.obj
                0x08001528                HAL_CAN_TxMailbox0AbortCallback
 .text.HAL_CAN_TxMailbox1AbortCallback
                0x0800152c        0x4 CMakeFiles/000_cmake_test.dir/Drivers/STM32F4xx_HAL_Driver/Src/stm32f4xx_hal_can.c.obj
                0x0800152c                HAL_CAN_TxMailbox1AbortCallback
 .text.HAL_CAN_TxMailbox2AbortCallback
                0x08001530        0x4 CMakeFiles/000_cmake_test.dir/Drivers/STM32F4xx_HAL_Driver/Src/stm32f4xx_hal_can.c.obj
                0x08001530                HAL_CAN_TxMailbox2AbortCallback
 .text.HAL_CAN_RxFifo0FullCallback
                0x08001534        0x4 CMakeFiles/000_cmake_test.dir/Drivers/STM32F4xx_HAL_Driver/Src/stm32f4xx_hal_can.c.obj
                0x08001534                HAL_CAN_RxFifo0FullCallback
 .text.HAL_CAN_RxFifo1MsgPendingCallback
                0x08001538        0x4 CMakeFiles/000_cmake_test.dir/Drivers/STM32F4xx_HAL_Driver/Src/stm32f4xx_hal_can.c.obj
                0x08001538                HAL_CAN_RxFifo1MsgPendingCallback
 .text.HAL_CAN_RxFifo1FullCallback
                0x0800153c        0x4 CMakeFiles/000_cmake_test.dir/Drivers/STM32F4xx_HAL_Driver/Src/stm32f4xx_hal_can.c.obj
                0x0800153c                HAL_CAN_RxFifo1FullCallback
 .text.HAL_CAN_SleepCallback
                0x08001540        0x4 CMakeFiles/000_cmake_test.dir/Drivers/STM32F4xx_HAL_Driver/Src/stm32f4xx_hal_can.c.obj
                0x08001540                HAL_CAN_SleepCallback
 .text.HAL_CAN_WakeUpFromRxMsgCallback
                0x08001544        0x4 CMakeFiles/000_cmake_test.dir/Drivers/STM32F4xx_HAL_Driver/Src/stm32f4xx_hal_can.c.obj
                0x08001544                HAL_CAN_WakeUpFromRxMsgCallback
 .text.HAL_CAN_ErrorCallback
                0x08001548        0x4 CMakeFiles/000_cmake_test.dir/Drivers/STM32F4xx_HAL_Driver/Src/stm32f4xx_hal_can.c.obj
                0x08001548                HAL_CAN_ErrorCallback
 .text.HAL_CAN_IRQHandler
                0x0800154c      0x29c CMakeFiles/000_cmake_test.dir/Drivers/STM32F4xx_HAL_Driver/Src/stm32f4xx_hal_can.c.obj
                0x0800154c                HAL_CAN_IRQHandler
 .text.HAL_NVIC_SetPriorityGrouping
                0x080017e8       0x24 CMakeFiles/000_cmake_test.dir/Drivers/STM32F4xx_HAL_Driver/Src/stm32f4xx_hal_cortex.c.obj
                0x080017e8                HAL_NVIC_SetPriorityGrouping
 .text.HAL_NVIC_SetPriority
                0x0800180c       0x78 CMakeFiles/000_cmake_test.dir/Drivers/STM32F4xx_HAL_Driver/Src/stm32f4xx_hal_cortex.c.obj
                0x0800180c                HAL_NVIC_SetPriority
 .text.HAL_NVIC_EnableIRQ
                0x08001884       0x1c CMakeFiles/000_cmake_test.dir/Drivers/STM32F4xx_HAL_Driver/Src/stm32f4xx_hal_cortex.c.obj
                0x08001884                HAL_NVIC_EnableIRQ
 .text.HAL_SYSTICK_Config
                0x080018a0       0x34 CMakeFiles/000_cmake_test.dir/Drivers/STM32F4xx_HAL_Driver/Src/stm32f4xx_hal_cortex.c.obj
                0x080018a0                HAL_SYSTICK_Config
 .text.HAL_DMA_Init
                0x080018d4      0x128 CMakeFiles/000_cmake_test.dir/Drivers/STM32F4xx_HAL_Driver/Src/stm32f4xx_hal_dma.c.obj
                0x080018d4                HAL_DMA_Init
 .text.HAL_DMA_Start_IT
                0x080019fc       0x78 CMakeFiles/000_cmake_test.dir/Drivers/STM32F4xx_HAL_Driver/Src/stm32f4xx_hal_dma.c.obj
                0x080019fc                HAL_DMA_Start_IT
 .text.HAL_DMA_Abort
                0x08001a74       0x94 CMakeFiles/000_cmake_test.dir/Drivers/STM32F4xx_HAL_Driver/Src/stm32f4xx_hal_dma.c.obj
                0x08001a74                HAL_DMA_Abort
 .text.HAL_DMA_Abort_IT
                0x08001b08       0x24 CMakeFiles/000_cmake_test.dir/Drivers/STM32F4xx_HAL_Driver/Src/stm32f4xx_hal_dma.c.obj
                0x08001b08                HAL_DMA_Abort_IT
 .text.HAL_DMA_IRQHandler
                0x08001b2c      0x1ac CMakeFiles/000_cmake_test.dir/Drivers/STM32F4xx_HAL_Driver/Src/stm32f4xx_hal_dma.c.obj
                0x08001b2c                HAL_DMA_IRQHandler
 .text.HAL_GPIO_Init
                0x08001cd8      0x3c0 CMakeFiles/000_cmake_test.dir/Drivers/STM32F4xx_HAL_Driver/Src/stm32f4xx_hal_gpio.c.obj
                0x08001cd8                HAL_GPIO_Init
 .text.HAL_GPIO_WritePin
                0x08002098        0x8 CMakeFiles/000_cmake_test.dir/Drivers/STM32F4xx_HAL_Driver/Src/stm32f4xx_hal_gpio.c.obj
                0x08002098                HAL_GPIO_WritePin
 .text.HAL_GPIO_TogglePin
                0x080020a0       0x14 CMakeFiles/000_cmake_test.dir/Drivers/STM32F4xx_HAL_Driver/Src/stm32f4xx_hal_gpio.c.obj
                0x080020a0                HAL_GPIO_TogglePin
 .text.HAL_RCC_OscConfig
                0x080020b4      0x3cc CMakeFiles/000_cmake_test.dir/Drivers/STM32F4xx_HAL_Driver/Src/stm32f4xx_hal_rcc.c.obj
                0x080020b4                HAL_RCC_OscConfig
 .text.HAL_RCC_GetSysClockFreq
                0x08002480       0x68 CMakeFiles/000_cmake_test.dir/Drivers/STM32F4xx_HAL_Driver/Src/stm32f4xx_hal_rcc.c.obj
                0x08002480                HAL_RCC_GetSysClockFreq
 .text.HAL_RCC_ClockConfig
                0x080024e8      0x13c CMakeFiles/000_cmake_test.dir/Drivers/STM32F4xx_HAL_Driver/Src/stm32f4xx_hal_rcc.c.obj
                0x080024e8                HAL_RCC_ClockConfig
 .text.HAL_RCC_GetPCLK1Freq
                0x08002624       0x20 CMakeFiles/000_cmake_test.dir/Drivers/STM32F4xx_HAL_Driver/Src/stm32f4xx_hal_rcc.c.obj
                0x08002624                HAL_RCC_GetPCLK1Freq
 .text.HAL_RCC_GetPCLK2Freq
                0x08002644       0x20 CMakeFiles/000_cmake_test.dir/Drivers/STM32F4xx_HAL_Driver/Src/stm32f4xx_hal_rcc.c.obj
                0x08002644                HAL_RCC_GetPCLK2Freq
 .text.HAL_UART_Init
                0x08002664      0x124 CMakeFiles/000_cmake_test.dir/Drivers/STM32F4xx_HAL_Driver/Src/stm32f4xx_hal_uart.c.obj
                0x08002664                HAL_UART_Init
 .text.HAL_UART_Receive_IT
                0x08002788       0x50 CMakeFiles/000_cmake_test.dir/Drivers/STM32F4xx_HAL_Driver/Src/stm32f4xx_hal_uart.c.obj
                0x08002788                HAL_UART_Receive_IT
 .text.HAL_UART_Transmit_DMA
                0x080027d8       0x78 CMakeFiles/000_cmake_test.dir/Drivers/STM32F4xx_HAL_Driver/Src/stm32f4xx_hal_uart.c.obj
                0x080027d8                HAL_UART_Transmit_DMA
 .text.HAL_UART_TxCpltCallback
                0x08002850        0x4 CMakeFiles/000_cmake_test.dir/Drivers/STM32F4xx_HAL_Driver/Src/stm32f4xx_hal_uart.c.obj
                0x08002850                HAL_UART_TxCpltCallback
 .text.UART_DMATransmitCplt
                0x08002854       0x4c CMakeFiles/000_cmake_test.dir/Drivers/STM32F4xx_HAL_Driver/Src/stm32f4xx_hal_uart.c.obj
 .text.HAL_UART_TxHalfCpltCallback
                0x080028a0        0x4 CMakeFiles/000_cmake_test.dir/Drivers/STM32F4xx_HAL_Driver/Src/stm32f4xx_hal_uart.c.obj
                0x080028a0                HAL_UART_TxHalfCpltCallback
 .text.UART_DMATxHalfCplt
                0x080028a4        0xc CMakeFiles/000_cmake_test.dir/Drivers/STM32F4xx_HAL_Driver/Src/stm32f4xx_hal_uart.c.obj
 .text.HAL_UART_ErrorCallback
                0x080028b0        0x4 CMakeFiles/000_cmake_test.dir/Drivers/STM32F4xx_HAL_Driver/Src/stm32f4xx_hal_uart.c.obj
                0x080028b0                HAL_UART_ErrorCallback
 .text.UART_DMAError
                0x080028b4       0xbc CMakeFiles/000_cmake_test.dir/Drivers/STM32F4xx_HAL_Driver/Src/stm32f4xx_hal_uart.c.obj
 .text.UART_DMAAbortOnError
                0x08002970       0x10 CMakeFiles/000_cmake_test.dir/Drivers/STM32F4xx_HAL_Driver/Src/stm32f4xx_hal_uart.c.obj
 .text.HAL_UARTEx_RxEventCallback
                0x08002980        0x4 CMakeFiles/000_cmake_test.dir/Drivers/STM32F4xx_HAL_Driver/Src/stm32f4xx_hal_uart.c.obj
                0x08002980                HAL_UARTEx_RxEventCallback
 .text.UART_Receive_IT.part.0.isra.0
                0x08002984       0xbc CMakeFiles/000_cmake_test.dir/Drivers/STM32F4xx_HAL_Driver/Src/stm32f4xx_hal_uart.c.obj
 .text.HAL_UART_IRQHandler
                0x08002a40      0x374 CMakeFiles/000_cmake_test.dir/Drivers/STM32F4xx_HAL_Driver/Src/stm32f4xx_hal_uart.c.obj
                0x08002a40                HAL_UART_IRQHandler
 .text.__udivmoddi4
                0x08002db4      0x2bc /usr/lib/gcc/arm-none-eabi/14.1.0/thumb/v7e-m+fp/hard/libgcc.a(_udivmoddi4.o)
                0x08002db4                __udivmoddi4
 .text._vsnprintf_r
                0x08003070       0x5c /usr/lib/gcc/arm-none-eabi/14.1.0/../../../../arm-none-eabi/lib/thumb/v7e-m+fp/hard/libc_nano.a(libc_a-vsnprintf.o)
                0x08003070                _vsnprintf_r
                0x08003070                _vsniprintf_r
 .text.vsnprintf
                0x080030cc       0x1c /usr/lib/gcc/arm-none-eabi/14.1.0/../../../../arm-none-eabi/lib/thumb/v7e-m+fp/hard/libc_nano.a(libc_a-vsnprintf.o)
                0x080030cc                vsnprintf
                0x080030cc                vsniprintf
 .text.__errno  0x080030e8        0xc /usr/lib/gcc/arm-none-eabi/14.1.0/../../../../arm-none-eabi/lib/thumb/v7e-m+fp/hard/libc_nano.a(libc_a-errno.o)
                0x080030e8                __errno
 .text.__ssputs_r
                0x080030f4       0xb6 /usr/lib/gcc/arm-none-eabi/14.1.0/../../../../arm-none-eabi/lib/thumb/v7e-m+fp/hard/libc_nano.a(libc_a-nano-svfprintf.o)
                0x080030f4                __ssputs_r
 *fill*         0x080031aa        0x2 
 .text._svfprintf_r
                0x080031ac      0x1f8 /usr/lib/gcc/arm-none-eabi/14.1.0/../../../../arm-none-eabi/lib/thumb/v7e-m+fp/hard/libc_nano.a(libc_a-nano-svfprintf.o)
                0x080031ac                _svfprintf_r
                0x080031ac                _svfiprintf_r
 .text._printf_common
                0x080033a4       0xda /usr/lib/gcc/arm-none-eabi/14.1.0/../../../../arm-none-eabi/lib/thumb/v7e-m+fp/hard/libc_nano.a(libc_a-nano-vfprintf_i.o)
                0x080033a4                _printf_common
 *fill*         0x0800347e        0x2 
 .text._printf_i
                0x08003480      0x23c /usr/lib/gcc/arm-none-eabi/14.1.0/../../../../arm-none-eabi/lib/thumb/v7e-m+fp/hard/libc_nano.a(libc_a-nano-vfprintf_i.o)
                0x08003480                _printf_i
 .text.memmove  0x080036bc       0x34 /usr/lib/gcc/arm-none-eabi/14.1.0/../../../../arm-none-eabi/lib/thumb/v7e-m+fp/hard/libc_nano.a(libc_a-memmove.o)
                0x080036bc                memmove
 .text.memcpy   0x080036f0       0x1c /usr/lib/gcc/arm-none-eabi/14.1.0/../../../../arm-none-eabi/lib/thumb/v7e-m+fp/hard/libc_nano.a(libc_a-memcpy-stub.o)
                0x080036f0                memcpy
 .text._realloc_r
                0x0800370c       0x5c /usr/lib/gcc/arm-none-eabi/14.1.0/../../../../arm-none-eabi/lib/thumb/v7e-m+fp/hard/libc_nano.a(libc_a-reallocr.o)
                0x0800370c                _realloc_r
 .text._malloc_usable_size_r
                0x08003768       0x10 /usr/lib/gcc/arm-none-eabi/14.1.0/../../../../arm-none-eabi/lib/thumb/v7e-m+fp/hard/libc_nano.a(libc_a-msizer.o)
                0x08003768                _malloc_usable_size_r
 *(.glue_7)
 .glue_7        0x08003778        0x0 linker stubs
 *(.glue_7t)
 .glue_7t       0x08003778        0x0 linker stubs
 *(.eh_frame)
 .eh_frame      0x08003778        0x0 /usr/lib/gcc/arm-none-eabi/14.1.0/thumb/v7e-m+fp/hard/crtbegin.o
 *(.init)
 .init          0x08003778        0x4 /usr/lib/gcc/arm-none-eabi/14.1.0/thumb/v7e-m+fp/hard/crti.o
                0x08003778                _init
 .init          0x0800377c        0x8 /usr/lib/gcc/arm-none-eabi/14.1.0/thumb/v7e-m+fp/hard/crtn.o
 *(.fini)
 .fini          0x08003784        0x4 /usr/lib/gcc/arm-none-eabi/14.1.0/thumb/v7e-m+fp/hard/crti.o
                0x08003784                _fini
 .fini          0x08003788        0x8 /usr/lib/gcc/arm-none-eabi/14.1.0/thumb/v7e-m+fp/hard/crtn.o
                0x08003790                        . = ALIGN (0x4)
                0x08003790                        _etext = .

.vfp11_veneer   0x08003790        0x0
 .vfp11_veneer  0x08003790        0x0 linker stubs

.v4_bx          0x08003790        0x0
 .v4_bx         0x08003790        0x0 linker stubs

.iplt           0x08003790        0x0
 .iplt          0x08003790        0x0 /usr/lib/gcc/arm-none-eabi/14.1.0/thumb/v7e-m+fp/hard/crtbegin.o

.rodata         0x08003790       0x9c
                0x08003790                        . = ALIGN (0x4)
 *(.rodata)
 *(.rodata*)
 .rodata.main.str1.4
                0x08003790       0x47 CMakeFiles/000_cmake_test.dir/Core/Src/main.c.obj
                                  0xe (size before relaxing)
 .rodata.HAL_CAN_RxFifo0MsgPendingCallback.str1.4
                0x080037d7       0x37 CMakeFiles/000_cmake_test.dir/Core/Src/main.c.obj
 *fill*         0x080037d7        0x1 
 .rodata.APBPrescTable
                0x080037d8        0x8 CMakeFiles/000_cmake_test.dir/Core/Src/system_stm32f4xx.c.obj
                0x080037d8                APBPrescTable
 .rodata.AHBPrescTable
                0x080037e0       0x10 CMakeFiles/000_cmake_test.dir/Core/Src/system_stm32f4xx.c.obj
                0x080037e0                AHBPrescTable
 .rodata.flagBitshiftOffset.0
                0x080037f0        0x8 CMakeFiles/000_cmake_test.dir/Drivers/STM32F4xx_HAL_Driver/Src/stm32f4xx_hal_dma.c.obj
 .rodata._svfprintf_r.str1.1
                0x080037f8       0x33 /usr/lib/gcc/arm-none-eabi/14.1.0/../../../../arm-none-eabi/lib/thumb/v7e-m+fp/hard/libc_nano.a(libc_a-nano-svfprintf.o)
                                 0x11 (size before relaxing)
 .rodata._printf_i.str1.1
                0x0800382b       0x22 /usr/lib/gcc/arm-none-eabi/14.1.0/../../../../arm-none-eabi/lib/thumb/v7e-m+fp/hard/libc_nano.a(libc_a-nano-vfprintf_i.o)
                0x08003850                        . = ALIGN (0x4)
 *fill*         0x0800382b        0x1 

.ARM.extab
 *(.ARM.extab* .gnu.linkonce.armextab.*)

.ARM            0x0800382c        0x8
                0x0800382c                        __exidx_start = .
 *(.ARM.exidx*)
 .ARM.exidx     0x0800382c        0x8 /usr/lib/gcc/arm-none-eabi/14.1.0/../../../../arm-none-eabi/lib/thumb/v7e-m+fp/hard/libc_nano.a(libc_a-memchr.o)
 .ARM.exidx.text.__udivmoddi4
                0x08003834        0x0 /usr/lib/gcc/arm-none-eabi/14.1.0/thumb/v7e-m+fp/hard/libgcc.a(_udivmoddi4.o)
                                  0x8 (size before relaxing)
                0x08003834                        __exidx_end = .

.rel.dyn        0x08003834        0x0
 .rel.iplt      0x08003834        0x0 /usr/lib/gcc/arm-none-eabi/14.1.0/thumb/v7e-m+fp/hard/crtbegin.o

.preinit_array  0x08003834        0x0
                0x08003834                        PROVIDE (__preinit_array_start = .)
 *(.preinit_array*)
                0x08003834                        PROVIDE (__preinit_array_end = .)

.init_array     0x08003834        0x4
                0x08003834                        PROVIDE (__init_array_start = .)
 *(SORT_BY_NAME(.init_array.*))
 *(.init_array*)
 .init_array    0x08003834        0x4 /usr/lib/gcc/arm-none-eabi/14.1.0/thumb/v7e-m+fp/hard/crtbegin.o
                0x08003838                        PROVIDE (__init_array_end = .)

.fini_array     0x08003838        0x4
                0x08003838                        PROVIDE (__fini_array_start = .)
 *(SORT_BY_NAME(.fini_array.*))
 *(.fini_array*)
 .fini_array    0x08003838        0x4 /usr/lib/gcc/arm-none-eabi/14.1.0/thumb/v7e-m+fp/hard/crtbegin.o
                0x0800383c                        PROVIDE (__fini_array_end = .)
                0x0800383c                        _sidata = LOADADDR (.data)

.data           0x20000000       0x5c load address 0x0800383c
                0x20000000                        . = ALIGN (0x4)
                0x20000000                        _sdata = .
 *(.data)
 *(.data*)
 .data._impure_ptr
                0x20000000        0x4 /usr/lib/gcc/arm-none-eabi/14.1.0/../../../../arm-none-eabi/lib/thumb/v7e-m+fp/hard/libc_nano.a(libc_a-impure.o)
                0x20000000                _impure_ptr
 .data._impure_data
                0x20000004       0x4c /usr/lib/gcc/arm-none-eabi/14.1.0/../../../../arm-none-eabi/lib/thumb/v7e-m+fp/hard/libc_nano.a(libc_a-impure.o)
                0x20000004                _impure_data
 .data.SystemCoreClock
                0x20000050        0x4 CMakeFiles/000_cmake_test.dir/Core/Src/system_stm32f4xx.c.obj
                0x20000050                SystemCoreClock
 .data.uwTickFreq
                0x20000054        0x1 CMakeFiles/000_cmake_test.dir/Drivers/STM32F4xx_HAL_Driver/Src/stm32f4xx_hal.c.obj
                0x20000054                uwTickFreq
 *fill*         0x20000055        0x3 
 .data.uwTickPrio
                0x20000058        0x4 CMakeFiles/000_cmake_test.dir/Drivers/STM32F4xx_HAL_Driver/Src/stm32f4xx_hal.c.obj
                0x20000058                uwTickPrio
                0x2000005c                        . = ALIGN (0x4)
                0x2000005c                        _edata = .
                0x08003898                        _siccmram = LOADADDR (.ccmram)

.igot.plt       0x2000005c        0x0 load address 0x08003898
 .igot.plt      0x2000005c        0x0 /usr/lib/gcc/arm-none-eabi/14.1.0/thumb/v7e-m+fp/hard/crtbegin.o

.ccmram         0x10000000        0x0 load address 0x08003898
                0x10000000                        . = ALIGN (0x4)
                0x10000000                        _sccmram = .
 *(.ccmram)
 *(.ccmram*)
                0x10000000                        . = ALIGN (0x4)
                0x10000000                        _eccmram = .
                0x10000000                        . = ALIGN (0x4)

.bss            0x20000060     0x1264
                0x20000060                        _sbss = .
                0x20000060                        __bss_start__ = _sbss
 *(.bss)
 *(.bss*)
 .bss.completed.1
                0x20000060        0x1 /usr/lib/gcc/arm-none-eabi/14.1.0/thumb/v7e-m+fp/hard/crtbegin.o
 *fill*         0x20000061        0x3 
 .bss.object.0  0x20000064       0x18 /usr/lib/gcc/arm-none-eabi/14.1.0/thumb/v7e-m+fp/hard/crtbegin.o
 .bss.__sf      0x2000007c      0x138 /usr/lib/gcc/arm-none-eabi/14.1.0/../../../../arm-none-eabi/lib/thumb/v7e-m+fp/hard/libc_nano.a(libc_a-findfp.o)
                0x2000007c                __sf
 .bss.errno     0x200001b4        0x4 /usr/lib/gcc/arm-none-eabi/14.1.0/../../../../arm-none-eabi/lib/thumb/v7e-m+fp/hard/libc_nano.a(libc_a-reent.o)
                0x200001b4                errno
 .bss.__lock___malloc_recursive_mutex
                0x200001b8        0x1 /usr/lib/gcc/arm-none-eabi/14.1.0/../../../../arm-none-eabi/lib/thumb/v7e-m+fp/hard/libc_nano.a(libc_a-lock.o)
                0x200001b8                __lock___malloc_recursive_mutex
 *fill*         0x200001b9        0x3 
 .bss.__malloc_sbrk_start
                0x200001bc        0x4 /usr/lib/gcc/arm-none-eabi/14.1.0/../../../../arm-none-eabi/lib/thumb/v7e-m+fp/hard/libc_nano.a(libc_a-mallocr.o)
                0x200001bc                __malloc_sbrk_start
 .bss.__malloc_free_list
                0x200001c0        0x4 /usr/lib/gcc/arm-none-eabi/14.1.0/../../../../arm-none-eabi/lib/thumb/v7e-m+fp/hard/libc_nano.a(libc_a-mallocr.o)
                0x200001c0                __malloc_free_list
 .bss.hcan1     0x200001c4       0x28 CMakeFiles/000_cmake_test.dir/Core/Src/can.c.obj
                0x200001c4                hcan1
 .bss.pid       0x200001ec       0x24 CMakeFiles/000_cmake_test.dir/Core/Src/main.c.obj
                0x200001ec                pid
 .bss.m2006     0x20000210        0x8 CMakeFiles/000_cmake_test.dir/Core/Src/main.c.obj
                0x20000210                m2006
 .bss.pid_target
                0x20000218        0x1 CMakeFiles/000_cmake_test.dir/Core/Src/main.c.obj
                0x20000218                pid_target
 *fill*         0x20000219        0x3 
 .bss.hdma_usart1_tx
                0x2000021c       0x60 CMakeFiles/000_cmake_test.dir/Core/Src/usart.c.obj
                0x2000021c                hdma_usart1_tx
 *fill*         0x2000027c        0x4 
 .bss.huart1    0x20000280       0x48 CMakeFiles/000_cmake_test.dir/Core/Src/usart.c.obj
                0x20000280                huart1
 .bss.__sbrk_heap_end
                0x200002c8        0x4 CMakeFiles/000_cmake_test.dir/Core/Source/sysmem.c.obj
 .bss.idx       0x200002cc        0x1 CMakeFiles/000_cmake_test.dir/Core/Source/system_hook.c.obj
                0x200002cc                idx
 *fill*         0x200002cd        0x3 
 .bss.buffer    0x200002d0      0xff0 CMakeFiles/000_cmake_test.dir/Core/Source/system_hook.c.obj
                0x200002d0                buffer
 .bss.uwTick    0x200012c0        0x4 CMakeFiles/000_cmake_test.dir/Drivers/STM32F4xx_HAL_Driver/Src/stm32f4xx_hal.c.obj
                0x200012c0                uwTick
 *(COMMON)
                0x200012c4                        . = ALIGN (0x4)
                0x200012c4                        _ebss = .
                0x200012c4                        __bss_end__ = _ebss

._user_heap_stack
                0x200012c4      0x604
                0x200012c8                        . = ALIGN (0x8)
 *fill*         0x200012c4        0x4 
                [!provide]                        PROVIDE (end = .)
                0x200012c8                        PROVIDE (_end = .)
                0x200014c8                        . = (. + _Min_Heap_Size)
 *fill*         0x200012c8      0x200 
                0x200018c8                        . = (. + _Min_Stack_Size)
 *fill*         0x200014c8      0x400 
                0x200018c8                        . = ALIGN (0x8)

/DISCARD/
 libc.a(*)
 libm.a(*)
 libgcc.a(*)

.ARM.attributes
                0x00000000       0x30
 *(.ARM.attributes)
 .ARM.attributes
                0x00000000       0x22 /usr/lib/gcc/arm-none-eabi/14.1.0/thumb/v7e-m+fp/hard/crti.o
 .ARM.attributes
                0x00000022       0x34 /usr/lib/gcc/arm-none-eabi/14.1.0/thumb/v7e-m+fp/hard/crtbegin.o
 .ARM.attributes
                0x00000056       0x34 /usr/lib/gcc/arm-none-eabi/14.1.0/../../../../arm-none-eabi/lib/thumb/v7e-m+fp/hard/libc_nano.a(libc_a-findfp.o)
 .ARM.attributes
                0x0000008a       0x34 /usr/lib/gcc/arm-none-eabi/14.1.0/../../../../arm-none-eabi/lib/thumb/v7e-m+fp/hard/libc_nano.a(libc_a-reent.o)
 .ARM.attributes
                0x000000be       0x34 /usr/lib/gcc/arm-none-eabi/14.1.0/../../../../arm-none-eabi/lib/thumb/v7e-m+fp/hard/libc_nano.a(libc_a-impure.o)
 .ARM.attributes
                0x000000f2       0x34 /usr/lib/gcc/arm-none-eabi/14.1.0/../../../../arm-none-eabi/lib/thumb/v7e-m+fp/hard/libc_nano.a(libc_a-init.o)
 .ARM.attributes
                0x00000126       0x34 /usr/lib/gcc/arm-none-eabi/14.1.0/../../../../arm-none-eabi/lib/thumb/v7e-m+fp/hard/libc_nano.a(libc_a-lock.o)
 .ARM.attributes
                0x0000015a       0x34 /usr/lib/gcc/arm-none-eabi/14.1.0/../../../../arm-none-eabi/lib/thumb/v7e-m+fp/hard/libc_nano.a(libc_a-freer.o)
 .ARM.attributes
                0x0000018e       0x34 /usr/lib/gcc/arm-none-eabi/14.1.0/../../../../arm-none-eabi/lib/thumb/v7e-m+fp/hard/libc_nano.a(libc_a-mallocr.o)
 .ARM.attributes
                0x000001c2       0x34 /usr/lib/gcc/arm-none-eabi/14.1.0/../../../../arm-none-eabi/lib/thumb/v7e-m+fp/hard/libc_nano.a(libc_a-mlock.o)
 .ARM.attributes
                0x000001f6       0x34 /usr/lib/gcc/arm-none-eabi/14.1.0/../../../../arm-none-eabi/lib/thumb/v7e-m+fp/hard/libc_nano.a(libc_a-sbrkr.o)
 .ARM.attributes
                0x0000022a       0x34 CMakeFiles/000_cmake_test.dir/Core/Src/can.c.obj
 .ARM.attributes
                0x0000025e       0x34 CMakeFiles/000_cmake_test.dir/Core/Src/dma.c.obj
 .ARM.attributes
                0x00000292       0x34 CMakeFiles/000_cmake_test.dir/Core/Src/gpio.c.obj
 .ARM.attributes
                0x000002c6       0x34 CMakeFiles/000_cmake_test.dir/Core/Src/main.c.obj
 .ARM.attributes
                0x000002fa       0x34 CMakeFiles/000_cmake_test.dir/Core/Src/stm32f4xx_hal_msp.c.obj
 .ARM.attributes
                0x0000032e       0x34 CMakeFiles/000_cmake_test.dir/Core/Src/stm32f4xx_it.c.obj
 .ARM.attributes
                0x00000362       0x34 CMakeFiles/000_cmake_test.dir/Core/Src/system_stm32f4xx.c.obj
 .ARM.attributes
                0x00000396       0x34 CMakeFiles/000_cmake_test.dir/Core/Src/usart.c.obj
 .ARM.attributes
                0x000003ca       0x34 CMakeFiles/000_cmake_test.dir/Core/Source/motor.c.obj
 .ARM.attributes
                0x000003fe       0x34 CMakeFiles/000_cmake_test.dir/Core/Source/pid.c.obj
 .ARM.attributes
                0x00000432       0x34 CMakeFiles/000_cmake_test.dir/Core/Source/sysmem.c.obj
 .ARM.attributes
                0x00000466       0x34 CMakeFiles/000_cmake_test.dir/Core/Source/system_hook.c.obj
 .ARM.attributes
                0x0000049a       0x21 CMakeFiles/000_cmake_test.dir/startup_stm32f407xx.s.obj
 .ARM.attributes
                0x000004bb       0x34 CMakeFiles/000_cmake_test.dir/Drivers/STM32F4xx_HAL_Driver/Src/stm32f4xx_hal.c.obj
 .ARM.attributes
                0x000004ef       0x34 CMakeFiles/000_cmake_test.dir/Drivers/STM32F4xx_HAL_Driver/Src/stm32f4xx_hal_can.c.obj
 .ARM.attributes
                0x00000523       0x34 CMakeFiles/000_cmake_test.dir/Drivers/STM32F4xx_HAL_Driver/Src/stm32f4xx_hal_cortex.c.obj
 .ARM.attributes
                0x00000557       0x34 CMakeFiles/000_cmake_test.dir/Drivers/STM32F4xx_HAL_Driver/Src/stm32f4xx_hal_dma.c.obj
 .ARM.attributes
                0x0000058b       0x34 CMakeFiles/000_cmake_test.dir/Drivers/STM32F4xx_HAL_Driver/Src/stm32f4xx_hal_gpio.c.obj
 .ARM.attributes
                0x000005bf       0x34 CMakeFiles/000_cmake_test.dir/Drivers/STM32F4xx_HAL_Driver/Src/stm32f4xx_hal_rcc.c.obj
 .ARM.attributes
                0x000005f3       0x34 CMakeFiles/000_cmake_test.dir/Drivers/STM32F4xx_HAL_Driver/Src/stm32f4xx_hal_uart.c.obj
 .ARM.attributes
                0x00000627       0x22 /usr/lib/gcc/arm-none-eabi/14.1.0/thumb/v7e-m+fp/hard/libgcc.a(_arm_addsubdf3.o)
 .ARM.attributes
                0x00000649       0x22 /usr/lib/gcc/arm-none-eabi/14.1.0/thumb/v7e-m+fp/hard/libgcc.a(_aeabi_uldivmod.o)
 .ARM.attributes
                0x0000066b       0x34 /usr/lib/gcc/arm-none-eabi/14.1.0/thumb/v7e-m+fp/hard/libgcc.a(_udivmoddi4.o)
 .ARM.attributes
                0x0000069f       0x22 /usr/lib/gcc/arm-none-eabi/14.1.0/thumb/v7e-m+fp/hard/libgcc.a(_dvmd_tls.o)
 .ARM.attributes
                0x000006c1       0x34 /usr/lib/gcc/arm-none-eabi/14.1.0/../../../../arm-none-eabi/lib/thumb/v7e-m+fp/hard/libc_nano.a(libc_a-vsnprintf.o)
 .ARM.attributes
                0x000006f5       0x34 /usr/lib/gcc/arm-none-eabi/14.1.0/../../../../arm-none-eabi/lib/thumb/v7e-m+fp/hard/libc_nano.a(libc_a-errno.o)
 .ARM.attributes
                0x00000729       0x34 /usr/lib/gcc/arm-none-eabi/14.1.0/../../../../arm-none-eabi/lib/thumb/v7e-m+fp/hard/libc_nano.a(libc_a-nano-svfprintf.o)
 .ARM.attributes
                0x0000075d       0x34 /usr/lib/gcc/arm-none-eabi/14.1.0/../../../../arm-none-eabi/lib/thumb/v7e-m+fp/hard/libc_nano.a(libc_a-nano-vfprintf_i.o)
 .ARM.attributes
                0x00000791       0x34 /usr/lib/gcc/arm-none-eabi/14.1.0/../../../../arm-none-eabi/lib/thumb/v7e-m+fp/hard/libc_nano.a(libc_a-memmove.o)
 .ARM.attributes
                0x000007c5       0x1c /usr/lib/gcc/arm-none-eabi/14.1.0/../../../../arm-none-eabi/lib/thumb/v7e-m+fp/hard/libc_nano.a(libc_a-memchr.o)
 .ARM.attributes
                0x000007e1       0x34 /usr/lib/gcc/arm-none-eabi/14.1.0/../../../../arm-none-eabi/lib/thumb/v7e-m+fp/hard/libc_nano.a(libc_a-memcpy-stub.o)
 .ARM.attributes
                0x00000815       0x34 /usr/lib/gcc/arm-none-eabi/14.1.0/../../../../arm-none-eabi/lib/thumb/v7e-m+fp/hard/libc_nano.a(libc_a-reallocr.o)
 .ARM.attributes
                0x00000849       0x34 /usr/lib/gcc/arm-none-eabi/14.1.0/../../../../arm-none-eabi/lib/thumb/v7e-m+fp/hard/libc_nano.a(libc_a-msizer.o)
 .ARM.attributes
                0x0000087d       0x22 /usr/lib/gcc/arm-none-eabi/14.1.0/thumb/v7e-m+fp/hard/crtn.o
OUTPUT(000_cmake_test elf32-littlearm)
LOAD linker stubs
LOAD /usr/lib/gcc/arm-none-eabi/14.1.0/../../../../arm-none-eabi/lib/thumb/v7e-m+fp/hard/libc.a
LOAD /usr/lib/gcc/arm-none-eabi/14.1.0/../../../../arm-none-eabi/lib/thumb/v7e-m+fp/hard/libm.a
LOAD /usr/lib/gcc/arm-none-eabi/14.1.0/thumb/v7e-m+fp/hard/libgcc.a

.comment        0x00000000       0x3c
 .comment       0x00000000       0x3c /usr/lib/gcc/arm-none-eabi/14.1.0/../../../../arm-none-eabi/lib/thumb/v7e-m+fp/hard/libc_nano.a(libc_a-findfp.o)
                                 0x1f (size before relaxing)
 .comment       0x0000003c       0x1f /usr/lib/gcc/arm-none-eabi/14.1.0/../../../../arm-none-eabi/lib/thumb/v7e-m+fp/hard/libc_nano.a(libc_a-reent.o)
 .comment       0x0000003c       0x1f /usr/lib/gcc/arm-none-eabi/14.1.0/../../../../arm-none-eabi/lib/thumb/v7e-m+fp/hard/libc_nano.a(libc_a-impure.o)
 .comment       0x0000003c       0x1f /usr/lib/gcc/arm-none-eabi/14.1.0/../../../../arm-none-eabi/lib/thumb/v7e-m+fp/hard/libc_nano.a(libc_a-init.o)
 .comment       0x0000003c       0x1f /usr/lib/gcc/arm-none-eabi/14.1.0/../../../../arm-none-eabi/lib/thumb/v7e-m+fp/hard/libc_nano.a(libc_a-lock.o)
 .comment       0x0000003c       0x1f /usr/lib/gcc/arm-none-eabi/14.1.0/../../../../arm-none-eabi/lib/thumb/v7e-m+fp/hard/libc_nano.a(libc_a-freer.o)
 .comment       0x0000003c       0x1f /usr/lib/gcc/arm-none-eabi/14.1.0/../../../../arm-none-eabi/lib/thumb/v7e-m+fp/hard/libc_nano.a(libc_a-mallocr.o)
 .comment       0x0000003c       0x1f /usr/lib/gcc/arm-none-eabi/14.1.0/../../../../arm-none-eabi/lib/thumb/v7e-m+fp/hard/libc_nano.a(libc_a-mlock.o)
 .comment       0x0000003c       0x1f /usr/lib/gcc/arm-none-eabi/14.1.0/../../../../arm-none-eabi/lib/thumb/v7e-m+fp/hard/libc_nano.a(libc_a-sbrkr.o)
 .comment       0x0000003c       0x1f CMakeFiles/000_cmake_test.dir/Core/Src/can.c.obj
 .comment       0x0000003c       0x1f CMakeFiles/000_cmake_test.dir/Core/Src/dma.c.obj
 .comment       0x0000003c       0x1f CMakeFiles/000_cmake_test.dir/Core/Src/gpio.c.obj
 .comment       0x0000003c       0x1f CMakeFiles/000_cmake_test.dir/Core/Src/main.c.obj
 .comment       0x0000003c       0x1f CMakeFiles/000_cmake_test.dir/Core/Src/stm32f4xx_hal_msp.c.obj
 .comment       0x0000003c       0x1f CMakeFiles/000_cmake_test.dir/Core/Src/stm32f4xx_it.c.obj
 .comment       0x0000003c       0x1f CMakeFiles/000_cmake_test.dir/Core/Src/system_stm32f4xx.c.obj
 .comment       0x0000003c       0x1f CMakeFiles/000_cmake_test.dir/Core/Src/usart.c.obj
 .comment       0x0000003c       0x1f CMakeFiles/000_cmake_test.dir/Core/Source/motor.c.obj
 .comment       0x0000003c       0x1f CMakeFiles/000_cmake_test.dir/Core/Source/pid.c.obj
 .comment       0x0000003c       0x1f CMakeFiles/000_cmake_test.dir/Core/Source/sysmem.c.obj
 .comment       0x0000003c       0x1f CMakeFiles/000_cmake_test.dir/Core/Source/system_hook.c.obj
 .comment       0x0000003c       0x1f CMakeFiles/000_cmake_test.dir/Drivers/STM32F4xx_HAL_Driver/Src/stm32f4xx_hal.c.obj
 .comment       0x0000003c       0x1f CMakeFiles/000_cmake_test.dir/Drivers/STM32F4xx_HAL_Driver/Src/stm32f4xx_hal_can.c.obj
 .comment       0x0000003c       0x1f CMakeFiles/000_cmake_test.dir/Drivers/STM32F4xx_HAL_Driver/Src/stm32f4xx_hal_cortex.c.obj
 .comment       0x0000003c       0x1f CMakeFiles/000_cmake_test.dir/Drivers/STM32F4xx_HAL_Driver/Src/stm32f4xx_hal_dma.c.obj
 .comment       0x0000003c       0x1f CMakeFiles/000_cmake_test.dir/Drivers/STM32F4xx_HAL_Driver/Src/stm32f4xx_hal_gpio.c.obj
 .comment       0x0000003c       0x1f CMakeFiles/000_cmake_test.dir/Drivers/STM32F4xx_HAL_Driver/Src/stm32f4xx_hal_rcc.c.obj
 .comment       0x0000003c       0x1f CMakeFiles/000_cmake_test.dir/Drivers/STM32F4xx_HAL_Driver/Src/stm32f4xx_hal_uart.c.obj
 .comment       0x0000003c       0x1f /usr/lib/gcc/arm-none-eabi/14.1.0/thumb/v7e-m+fp/hard/libgcc.a(_udivmoddi4.o)
 .comment       0x0000003c       0x1f /usr/lib/gcc/arm-none-eabi/14.1.0/../../../../arm-none-eabi/lib/thumb/v7e-m+fp/hard/libc_nano.a(libc_a-vsnprintf.o)
 .comment       0x0000003c       0x1f /usr/lib/gcc/arm-none-eabi/14.1.0/../../../../arm-none-eabi/lib/thumb/v7e-m+fp/hard/libc_nano.a(libc_a-errno.o)
 .comment       0x0000003c       0x1f /usr/lib/gcc/arm-none-eabi/14.1.0/../../../../arm-none-eabi/lib/thumb/v7e-m+fp/hard/libc_nano.a(libc_a-nano-svfprintf.o)
 .comment       0x0000003c       0x1f /usr/lib/gcc/arm-none-eabi/14.1.0/../../../../arm-none-eabi/lib/thumb/v7e-m+fp/hard/libc_nano.a(libc_a-nano-vfprintf_i.o)
 .comment       0x0000003c       0x1f /usr/lib/gcc/arm-none-eabi/14.1.0/../../../../arm-none-eabi/lib/thumb/v7e-m+fp/hard/libc_nano.a(libc_a-memmove.o)
 .comment       0x0000003c       0x1f /usr/lib/gcc/arm-none-eabi/14.1.0/../../../../arm-none-eabi/lib/thumb/v7e-m+fp/hard/libc_nano.a(libc_a-memcpy-stub.o)
 .comment       0x0000003c       0x1f /usr/lib/gcc/arm-none-eabi/14.1.0/../../../../arm-none-eabi/lib/thumb/v7e-m+fp/hard/libc_nano.a(libc_a-reallocr.o)
 .comment       0x0000003c       0x1f /usr/lib/gcc/arm-none-eabi/14.1.0/../../../../arm-none-eabi/lib/thumb/v7e-m+fp/hard/libc_nano.a(libc_a-msizer.o)
