Archive member included to satisfy reference by file (symbol)

/usr/lib/gcc/arm-none-eabi/13.2.0/../../../../arm-none-eabi/lib/thumb/v7-m/nofp/libc_nano.a(libc_a-atexit.o)
                              /usr/lib/gcc/arm-none-eabi/13.2.0/../../../../arm-none-eabi/lib/thumb/v7-m/nofp/crt0.o (atexit)
/usr/lib/gcc/arm-none-eabi/13.2.0/../../../../arm-none-eabi/lib/thumb/v7-m/nofp/libc_nano.a(libc_a-exit.o)
                              /usr/lib/gcc/arm-none-eabi/13.2.0/../../../../arm-none-eabi/lib/thumb/v7-m/nofp/crt0.o (exit)
/usr/lib/gcc/arm-none-eabi/13.2.0/../../../../arm-none-eabi/lib/thumb/v7-m/nofp/libc_nano.a(libc_a-findfp.o)
                              /usr/lib/gcc/arm-none-eabi/13.2.0/../../../../arm-none-eabi/lib/thumb/v7-m/nofp/libc_nano.a(libc_a-exit.o) (__stdio_exit_handler)
/usr/lib/gcc/arm-none-eabi/13.2.0/../../../../arm-none-eabi/lib/thumb/v7-m/nofp/libc_nano.a(libc_a-fwalk.o)
                              /usr/lib/gcc/arm-none-eabi/13.2.0/../../../../arm-none-eabi/lib/thumb/v7-m/nofp/libc_nano.a(libc_a-findfp.o) (_fwalk_sglue)
/usr/lib/gcc/arm-none-eabi/13.2.0/../../../../arm-none-eabi/lib/thumb/v7-m/nofp/libc_nano.a(libc_a-stdio.o)
                              /usr/lib/gcc/arm-none-eabi/13.2.0/../../../../arm-none-eabi/lib/thumb/v7-m/nofp/libc_nano.a(libc_a-findfp.o) (__sread)
/usr/lib/gcc/arm-none-eabi/13.2.0/../../../../arm-none-eabi/lib/thumb/v7-m/nofp/libc_nano.a(libc_a-memset.o)
                              /usr/lib/gcc/arm-none-eabi/13.2.0/../../../../arm-none-eabi/lib/thumb/v7-m/nofp/crt0.o (memset)
/usr/lib/gcc/arm-none-eabi/13.2.0/../../../../arm-none-eabi/lib/thumb/v7-m/nofp/libc_nano.a(libc_a-closer.o)
                              /usr/lib/gcc/arm-none-eabi/13.2.0/../../../../arm-none-eabi/lib/thumb/v7-m/nofp/libc_nano.a(libc_a-stdio.o) (_close_r)
/usr/lib/gcc/arm-none-eabi/13.2.0/../../../../arm-none-eabi/lib/thumb/v7-m/nofp/libc_nano.a(libc_a-reent.o)
                              /usr/lib/gcc/arm-none-eabi/13.2.0/../../../../arm-none-eabi/lib/thumb/v7-m/nofp/libc_nano.a(libc_a-closer.o) (errno)
/usr/lib/gcc/arm-none-eabi/13.2.0/../../../../arm-none-eabi/lib/thumb/v7-m/nofp/libc_nano.a(libc_a-impure.o)
                              /usr/lib/gcc/arm-none-eabi/13.2.0/../../../../arm-none-eabi/lib/thumb/v7-m/nofp/libc_nano.a(libc_a-reent.o) (_impure_ptr)
/usr/lib/gcc/arm-none-eabi/13.2.0/../../../../arm-none-eabi/lib/thumb/v7-m/nofp/libc_nano.a(libc_a-lseekr.o)
                              /usr/lib/gcc/arm-none-eabi/13.2.0/../../../../arm-none-eabi/lib/thumb/v7-m/nofp/libc_nano.a(libc_a-stdio.o) (_lseek_r)
/usr/lib/gcc/arm-none-eabi/13.2.0/../../../../arm-none-eabi/lib/thumb/v7-m/nofp/libc_nano.a(libc_a-readr.o)
                              /usr/lib/gcc/arm-none-eabi/13.2.0/../../../../arm-none-eabi/lib/thumb/v7-m/nofp/libc_nano.a(libc_a-stdio.o) (_read_r)
/usr/lib/gcc/arm-none-eabi/13.2.0/../../../../arm-none-eabi/lib/thumb/v7-m/nofp/libc_nano.a(libc_a-writer.o)
                              /usr/lib/gcc/arm-none-eabi/13.2.0/../../../../arm-none-eabi/lib/thumb/v7-m/nofp/libc_nano.a(libc_a-stdio.o) (_write_r)
/usr/lib/gcc/arm-none-eabi/13.2.0/../../../../arm-none-eabi/lib/thumb/v7-m/nofp/libc_nano.a(libc_a-init.o)
                              /usr/lib/gcc/arm-none-eabi/13.2.0/../../../../arm-none-eabi/lib/thumb/v7-m/nofp/crt0.o (__libc_init_array)
/usr/lib/gcc/arm-none-eabi/13.2.0/../../../../arm-none-eabi/lib/thumb/v7-m/nofp/libc_nano.a(libc_a-fini.o)
                              /usr/lib/gcc/arm-none-eabi/13.2.0/../../../../arm-none-eabi/lib/thumb/v7-m/nofp/crt0.o (__libc_fini_array)
/usr/lib/gcc/arm-none-eabi/13.2.0/../../../../arm-none-eabi/lib/thumb/v7-m/nofp/libc_nano.a(libc_a-lock.o)
                              /usr/lib/gcc/arm-none-eabi/13.2.0/../../../../arm-none-eabi/lib/thumb/v7-m/nofp/libc_nano.a(libc_a-findfp.o) (__retarget_lock_init_recursive)
/usr/lib/gcc/arm-none-eabi/13.2.0/../../../../arm-none-eabi/lib/thumb/v7-m/nofp/libc_nano.a(libc_a-__atexit.o)
                              /usr/lib/gcc/arm-none-eabi/13.2.0/../../../../arm-none-eabi/lib/thumb/v7-m/nofp/libc_nano.a(libc_a-atexit.o) (__register_exitproc)
/usr/lib/gcc/arm-none-eabi/13.2.0/../../../../arm-none-eabi/lib/thumb/v7-m/nofp/libc_nano.a(libc_a-__call_atexit.o)
                              /usr/lib/gcc/arm-none-eabi/13.2.0/../../../../arm-none-eabi/lib/thumb/v7-m/nofp/libc_nano.a(libc_a-__atexit.o) (__call_exitprocs)
/usr/lib/gcc/arm-none-eabi/13.2.0/../../../../arm-none-eabi/lib/thumb/v7-m/nofp/libc_nano.a(libc_a-freer.o)
                              /usr/lib/gcc/arm-none-eabi/13.2.0/../../../../arm-none-eabi/lib/thumb/v7-m/nofp/libc_nano.a(libc_a-reent.o) (_free_r)
/usr/lib/gcc/arm-none-eabi/13.2.0/../../../../arm-none-eabi/lib/thumb/v7-m/nofp/libc_nano.a(libc_a-mallocr.o)
                              /usr/lib/gcc/arm-none-eabi/13.2.0/../../../../arm-none-eabi/lib/thumb/v7-m/nofp/libc_nano.a(libc_a-findfp.o) (_malloc_r)
[...]
Memory Configuration

Name             Origin             Length             Attributes
RAM              0x20000000         0x00005000         xrw
FLASH            0x08000000         0x00010000         xr
*default*        0x00000000         0xffffffff

Linker script and memory map

LOAD /usr/lib/gcc/arm-none-eabi/13.2.0/thumb/v7-m/nofp/crti.o
LOAD /usr/lib/gcc/arm-none-eabi/13.2.0/thumb/v7-m/nofp/crtbegin.o
LOAD /usr/lib/gcc/arm-none-eabi/13.2.0/../../../../arm-none-eabi/lib/thumb/v7-m/nofp/crt0.o
LOAD target/gpio.o
LOAD target/main.o
LOAD target/stm32f1xx_hal_msp.o
LOAD target/stm32f1xx_it.o
LOAD target/system_stm32f1xx.o
LOAD target/tim.o
LOAD target/stm32f1xx_hal_gpio_ex.o
LOAD target/stm32f1xx_hal_tim.o
LOAD target/stm32f1xx_hal_tim_ex.o
LOAD target/stm32f1xx_hal.o
LOAD target/stm32f1xx_hal_rcc.o
LOAD target/stm32f1xx_hal_rcc_ex.o
LOAD target/stm32f1xx_hal_gpio.o
LOAD target/stm32f1xx_hal_dma.o
LOAD target/stm32f1xx_hal_cortex.o
LOAD target/stm32f1xx_hal_pwr.o
LOAD target/stm32f1xx_hal_flash.o
LOAD target/stm32f1xx_hal_flash_ex.o
LOAD target/stm32f1xx_hal_exti.o
LOAD target/startup_stm32f103xb.o
LOAD /usr/lib/gcc/arm-none-eabi/13.2.0/../../../../arm-none-eabi/lib/thumb/v7-m/nofp/libc_nano.a
LOAD /usr/lib/gcc/arm-none-eabi/13.2.0/../../../../arm-none-eabi/lib/thumb/v7-m/nofp/libm.a
LOAD /usr/lib/gcc/arm-none-eabi/13.2.0/../../../../arm-none-eabi/lib/thumb/v7-m/nofp/libnosys.a
START GROUP
LOAD /usr/lib/gcc/arm-none-eabi/13.2.0/thumb/v7-m/nofp/libgcc.a
LOAD /usr/lib/gcc/arm-none-eabi/13.2.0/../../../../arm-none-eabi/lib/thumb/v7-m/nofp/libc_nano.a
END GROUP
START GROUP
LOAD /usr/lib/gcc/arm-none-eabi/13.2.0/thumb/v7-m/nofp/libgcc.a
LOAD /usr/lib/gcc/arm-none-eabi/13.2.0/../../../../arm-none-eabi/lib/thumb/v7-m/nofp/libc_nano.a
END GROUP
LOAD /usr/lib/gcc/arm-none-eabi/13.2.0/thumb/v7-m/nofp/crtend.o
LOAD /usr/lib/gcc/arm-none-eabi/13.2.0/thumb/v7-m/nofp/crtn.o
                0x20005000                        _estack = (ORIGIN (RAM) + LENGTH (RAM))
                0x00000200                        _Min_Heap_Size = 0x200
                0x00000400                        _Min_Stack_Size = 0x400

.isr_vector     0x08000000      0x10c
                0x08000000                        . = ALIGN (0x4)
 *(.isr_vector)
 .isr_vector    0x08000000      0x10c target/startup_stm32f103xb.o
                0x08000000                g_pfnVectors
                0x0800010c                        . = ALIGN (0x4)

.text           0x0800010c      0xfcc
                0x0800010c                        . = ALIGN (0x4)
 *(.text)
 *(.text*)
 .text.__do_global_dtors_aux
                0x0800010c       0x24 /usr/lib/gcc/arm-none-eabi/13.2.0/thumb/v7-m/nofp/crtbegin.o
 .text.frame_dummy
                0x08000130       0x1c /usr/lib/gcc/arm-none-eabi/13.2.0/thumb/v7-m/nofp/crtbegin.o
 .text.MX_GPIO_Init
                0x0800014c       0xa4 target/gpio.o
                0x0800014c                MX_GPIO_Init
 .text.HAL_TIM_PeriodElapsedCallback
                0x080001f0       0x34 target/main.o
                0x080001f0                HAL_TIM_PeriodElapsedCallback
 .text.SystemClock_Config
                0x08000224       0x5a target/main.o
                0x08000224                SystemClock_Config
 *fill*         0x0800027e        0x2 
 .text.startup.main
                0x08000280       0x2c target/main.o
                0x08000280                main
 .text.Error_Handler
                0x080002ac        0x4 target/main.o
                0x080002ac                Error_Handler
 .text.HAL_MspInit
                0x080002b0       0x30 target/stm32f1xx_hal_msp.o
                0x080002b0                HAL_MspInit
 .text.NMI_Handler
                0x080002e0        0x2 target/stm32f1xx_it.o
                0x080002e0                NMI_Handler
 .text.HardFault_Handler
                0x080002e2        0x2 target/stm32f1xx_it.o
                0x080002e2                HardFault_Handler
 .text.MemManage_Handler
                0x080002e4        0x2 target/stm32f1xx_it.o
                0x080002e4                MemManage_Handler
 .text.BusFault_Handler
                0x080002e6        0x2 target/stm32f1xx_it.o
                0x080002e6                BusFault_Handler
 .text.UsageFault_Handler
                0x080002e8        0x2 target/stm32f1xx_it.o
                0x080002e8                UsageFault_Handler
 .text.SVC_Handler
                0x080002ea        0x2 target/stm32f1xx_it.o
                0x080002ea                SVC_Handler
 .text.DebugMon_Handler
                0x080002ec        0x2 target/stm32f1xx_it.o
                0x080002ec                DebugMon_Handler
 .text.PendSV_Handler
                0x080002ee        0x2 target/stm32f1xx_it.o
                0x080002ee                PendSV_Handler
 .text.SysTick_Handler
                0x080002f0        0x4 target/stm32f1xx_it.o
                0x080002f0                SysTick_Handler
 .text.TIM2_IRQHandler
                0x080002f4        0xc target/stm32f1xx_it.o
                0x080002f4                TIM2_IRQHandler
 .text.TIM3_IRQHandler
                0x08000300        0xc target/stm32f1xx_it.o
                0x08000300                TIM3_IRQHandler
 .text.SystemInit
                0x0800030c        0x2 target/system_stm32f1xx.o
                0x0800030c                SystemInit
 *fill*         0x0800030e        0x2 
 .text.MX_TIM2_Init
                0x08000310       0x68 target/tim.o
                0x08000310                MX_TIM2_Init
 .text.MX_TIM3_Init
                0x08000378       0x6c target/tim.o
                0x08000378                MX_TIM3_Init
 .text.HAL_TIM_Base_MspInit
                0x080003e4       0x6c target/tim.o
                0x080003e4                HAL_TIM_Base_MspInit
 .text.HAL_TIM_Base_Start_IT
                0x08000450       0x54 target/stm32f1xx_hal_tim.o
                0x08000450                HAL_TIM_Base_Start_IT
 .text.HAL_TIM_OC_DelayElapsedCallback
                0x080004a4        0x2 target/stm32f1xx_hal_tim.o
                0x080004a4                HAL_TIM_OC_DelayElapsedCallback
 .text.HAL_TIM_IC_CaptureCallback
                0x080004a6        0x2 target/stm32f1xx_hal_tim.o
                0x080004a6                HAL_TIM_IC_CaptureCallback
 .text.HAL_TIM_PWM_PulseFinishedCallback
                0x080004a8        0x2 target/stm32f1xx_hal_tim.o
                0x080004a8                HAL_TIM_PWM_PulseFinishedCallback
 .text.HAL_TIM_TriggerCallback
                0x080004aa        0x2 target/stm32f1xx_hal_tim.o
                0x080004aa                HAL_TIM_TriggerCallback
 .text.HAL_TIM_IRQHandler
                0x080004ac      0x144 target/stm32f1xx_hal_tim.o
                0x080004ac                HAL_TIM_IRQHandler
 .text.TIM_Base_SetConfig
                0x080005f0       0x54 target/stm32f1xx_hal_tim.o
                0x080005f0                TIM_Base_SetConfig
 .text.HAL_TIM_Base_Init
                0x08000644       0x58 target/stm32f1xx_hal_tim.o
                0x08000644                HAL_TIM_Base_Init
 .text.TIM_ETR_SetConfig
                0x0800069c       0x14 target/stm32f1xx_hal_tim.o
                0x0800069c                TIM_ETR_SetConfig
 .text.HAL_TIM_ConfigClockSource
                0x080006b0      0x132 target/stm32f1xx_hal_tim.o
                0x080006b0                HAL_TIM_ConfigClockSource
 *fill*         0x080007e2        0x2 
 .text.HAL_TIMEx_MasterConfigSynchronization
                0x080007e4       0x5c target/stm32f1xx_hal_tim_ex.o
                0x080007e4                HAL_TIMEx_MasterConfigSynchronization
 .text.HAL_TIMEx_CommutCallback
                0x08000840        0x2 target/stm32f1xx_hal_tim_ex.o
                0x08000840                HAL_TIMEx_CommutCallback
 .text.HAL_TIMEx_BreakCallback
                0x08000842        0x2 target/stm32f1xx_hal_tim_ex.o
                0x08000842                HAL_TIMEx_BreakCallback
 .text.HAL_InitTick
                0x08000844       0x48 target/stm32f1xx_hal.o
                0x08000844                HAL_InitTick
 .text.HAL_Init
                0x0800088c       0x24 target/stm32f1xx_hal.o
                0x0800088c                HAL_Init
 .text.HAL_IncTick
                0x080008b0       0x18 target/stm32f1xx_hal.o
                0x080008b0                HAL_IncTick
 .text.HAL_GetTick
                0x080008c8        0xc target/stm32f1xx_hal.o
                0x080008c8                HAL_GetTick
 .text.HAL_RCC_OscConfig
                0x080008d4      0x338 target/stm32f1xx_hal_rcc.o
                0x080008d4                HAL_RCC_OscConfig
 .text.HAL_RCC_GetSysClockFreq
                0x08000c0c       0x4c target/stm32f1xx_hal_rcc.o
                0x08000c0c                HAL_RCC_GetSysClockFreq
 .text.HAL_RCC_ClockConfig
                0x08000c58      0x138 target/stm32f1xx_hal_rcc.o
                0x08000c58                HAL_RCC_ClockConfig
 .text.HAL_GPIO_Init
                0x08000d90      0x1a8 target/stm32f1xx_hal_gpio.o
                0x08000d90                HAL_GPIO_Init
 .text.HAL_GPIO_WritePin
                0x08000f38        0xa target/stm32f1xx_hal_gpio.o
                0x08000f38                HAL_GPIO_WritePin
 .text.HAL_GPIO_TogglePin
                0x08000f42       0x12 target/stm32f1xx_hal_gpio.o
                0x08000f42                HAL_GPIO_TogglePin
 .text.HAL_NVIC_SetPriorityGrouping
                0x08000f54       0x24 target/stm32f1xx_hal_cortex.o
                0x08000f54                HAL_NVIC_SetPriorityGrouping
 .text.HAL_NVIC_SetPriority
                0x08000f78       0x60 target/stm32f1xx_hal_cortex.o
                0x08000f78                HAL_NVIC_SetPriority
 .text.HAL_NVIC_EnableIRQ
                0x08000fd8       0x1c target/stm32f1xx_hal_cortex.o
                0x08000fd8                HAL_NVIC_EnableIRQ
 .text.HAL_SYSTICK_Config
                0x08000ff4       0x28 target/stm32f1xx_hal_cortex.o
                0x08000ff4                HAL_SYSTICK_Config
 .text.Reset_Handler
                0x0800101c       0x48 target/startup_stm32f103xb.o
                0x0800101c                Reset_Handler
 .text.Default_Handler
                0x08001064        0x2 target/startup_stm32f103xb.o
                0x08001064                RTC_Alarm_IRQHandler
                0x08001064                EXTI2_IRQHandler
                0x08001064                TIM1_CC_IRQHandler
                0x08001064                PVD_IRQHandler
                0x08001064                EXTI3_IRQHandler
                0x08001064                EXTI0_IRQHandler
                0x08001064                I2C2_EV_IRQHandler
                0x08001064                ADC1_2_IRQHandler
                0x08001064                SPI1_IRQHandler
                0x08001064                TAMPER_IRQHandler
                0x08001064                DMA1_Channel4_IRQHandler
                0x08001064                USART3_IRQHandler
                0x08001064                RTC_IRQHandler
                0x08001064                DMA1_Channel7_IRQHandler
                0x08001064                CAN1_RX1_IRQHandler
                0x08001064                TIM4_IRQHandler
                0x08001064                I2C1_EV_IRQHandler
                0x08001064                DMA1_Channel6_IRQHandler
                0x08001064                RCC_IRQHandler
                0x08001064                TIM1_TRG_COM_IRQHandler
                0x08001064                DMA1_Channel1_IRQHandler
                0x08001064                Default_Handler
                0x08001064                EXTI15_10_IRQHandler
                0x08001064                EXTI9_5_IRQHandler
                0x08001064                SPI2_IRQHandler
                0x08001064                DMA1_Channel5_IRQHandler
                0x08001064                EXTI4_IRQHandler
                0x08001064                USB_LP_CAN1_RX0_IRQHandler
                0x08001064                USB_HP_CAN1_TX_IRQHandler
                0x08001064                DMA1_Channel3_IRQHandler
                0x08001064                TIM1_UP_IRQHandler
                0x08001064                WWDG_IRQHandler
                0x08001064                TIM1_BRK_IRQHandler
                0x08001064                EXTI1_IRQHandler
                0x08001064                USART2_IRQHandler
                0x08001064                I2C2_ER_IRQHandler
                0x08001064                DMA1_Channel2_IRQHandler
                0x08001064                CAN1_SCE_IRQHandler
                0x08001064                FLASH_IRQHandler
                0x08001064                USART1_IRQHandler
                0x08001064                I2C1_ER_IRQHandler
                0x08001064                USBWakeUp_IRQHandler
 .text.memset   0x08001066       0x10 /usr/lib/gcc/arm-none-eabi/13.2.0/../../../../arm-none-eabi/lib/thumb/v7-m/nofp/libc_nano.a(libc_a-memset.o)
                0x08001066                memset
 *fill*         0x08001076        0x2 
 .text.__libc_init_array
                0x08001078       0x48 /usr/lib/gcc/arm-none-eabi/13.2.0/../../../../arm-none-eabi/lib/thumb/v7-m/nofp/libc_nano.a(libc_a-init.o)
                0x08001078                __libc_init_array
 *(.glue_7)
 .glue_7        0x080010c0        0x0 linker stubs
 *(.glue_7t)
 .glue_7t       0x080010c0        0x0 linker stubs
 *(.eh_frame)
 .eh_frame      0x080010c0        0x0 /usr/lib/gcc/arm-none-eabi/13.2.0/thumb/v7-m/nofp/crtbegin.o
 *(.init)
 .init          0x080010c0        0x4 /usr/lib/gcc/arm-none-eabi/13.2.0/thumb/v7-m/nofp/crti.o
                0x080010c0                _init
 .init          0x080010c4        0x8 /usr/lib/gcc/arm-none-eabi/13.2.0/thumb/v7-m/nofp/crtn.o
 *(.fini)
 .fini          0x080010cc        0x4 /usr/lib/gcc/arm-none-eabi/13.2.0/thumb/v7-m/nofp/crti.o
                0x080010cc                _fini
 .fini          0x080010d0        0x8 /usr/lib/gcc/arm-none-eabi/13.2.0/thumb/v7-m/nofp/crtn.o
                0x080010d8                        . = ALIGN (0x4)
                0x080010d8                        _etext = .

.vfp11_veneer   0x080010d8        0x0
 .vfp11_veneer  0x080010d8        0x0 linker stubs

.v4_bx          0x080010d8        0x0
 .v4_bx         0x080010d8        0x0 linker stubs

.iplt           0x080010d8        0x0
 .iplt          0x080010d8        0x0 /usr/lib/gcc/arm-none-eabi/13.2.0/thumb/v7-m/nofp/crtbegin.o

.rodata         0x080010d8       0x24
                0x080010d8                        . = ALIGN (0x4)
 *(.rodata)
 *(.rodata*)
 .rodata.AHBPrescTable
                0x080010d8       0x10 target/system_stm32f1xx.o
                0x080010d8                AHBPrescTable
 .rodata.aPredivFactorTable.0
                0x080010e8        0x2 target/stm32f1xx_hal_rcc.o
 .rodata.aPLLMULFactorTable.1
                0x080010ea       0x10 target/stm32f1xx_hal_rcc.o
                0x080010fc                        . = ALIGN (0x4)
 *fill*         0x080010fa        0x2 

.rel.dyn        0x080010fc        0x0
 .rel.iplt      0x080010fc        0x0 /usr/lib/gcc/arm-none-eabi/13.2.0/thumb/v7-m/nofp/crtbegin.o

.ARM.extab
 *(.ARM.extab* .gnu.linkonce.armextab.*)

.ARM            0x080010fc        0x0
                0x080010fc                        __exidx_start = .
 *(.ARM.exidx*)
                0x080010fc                        __exidx_end = .

.preinit_array  0x080010fc        0x0
                0x080010fc                        PROVIDE (__preinit_array_start = .)
 *(.preinit_array*)
                0x080010fc                        PROVIDE (__preinit_array_end = .)

.init_array     0x080010fc        0x4
                0x080010fc                        PROVIDE (__init_array_start = .)
 *(SORT_BY_NAME(.init_array.*))
 *(.init_array*)
 .init_array    0x080010fc        0x4 /usr/lib/gcc/arm-none-eabi/13.2.0/thumb/v7-m/nofp/crtbegin.o
                0x08001100                        PROVIDE (__init_array_end = .)

.fini_array     0x08001100        0x4
                0x08001100                        PROVIDE (__fini_array_start = .)
 *(SORT_BY_NAME(.fini_array.*))
 *(.fini_array*)
 .fini_array    0x08001100        0x4 /usr/lib/gcc/arm-none-eabi/13.2.0/thumb/v7-m/nofp/crtbegin.o
                0x08001104                        PROVIDE (__fini_array_end = .)
                0x08001104                        _sidata = LOADADDR (.data)

.data           0x20000000        0xc load address 0x08001104
                0x20000000                        . = ALIGN (0x4)
                0x20000000                        _sdata = .
 *(.data)
 *(.data*)
 .data.SystemCoreClock
                0x20000000        0x4 target/system_stm32f1xx.o
                0x20000000                SystemCoreClock
 .data.uwTickFreq
                0x20000004        0x1 target/stm32f1xx_hal.o
                0x20000004                uwTickFreq
 *fill*         0x20000005        0x3 
 .data.uwTickPrio
                0x20000008        0x4 target/stm32f1xx_hal.o
                0x20000008                uwTickPrio
                0x2000000c                        . = ALIGN (0x4)
                0x2000000c                        _edata = .

.igot.plt       0x2000000c        0x0 load address 0x08001110
 .igot.plt      0x2000000c        0x0 /usr/lib/gcc/arm-none-eabi/13.2.0/thumb/v7-m/nofp/crtbegin.o
                0x2000000c                        . = ALIGN (0x4)

.bss            0x2000000c       0xb0 load address 0x08001110
                0x2000000c                        _sbss = .
                0x2000000c                        __bss_start__ = _sbss
 *(.bss)
 *(.bss*)
 .bss.completed.1
                0x2000000c        0x1 /usr/lib/gcc/arm-none-eabi/13.2.0/thumb/v7-m/nofp/crtbegin.o
 *fill*         0x2000000d        0x3 
 .bss.object.0  0x20000010       0x18 /usr/lib/gcc/arm-none-eabi/13.2.0/thumb/v7-m/nofp/crtbegin.o
 .bss.htim3     0x20000028       0x48 target/tim.o
                0x20000028                htim3
 .bss.htim2     0x20000070       0x48 target/tim.o
                0x20000070                htim2
 .bss.uwTick    0x200000b8        0x4 target/stm32f1xx_hal.o
                0x200000b8                uwTick
 *(COMMON)
                0x200000bc                        . = ALIGN (0x4)
                0x200000bc                        _ebss = .
                0x200000bc                        __bss_end__ = _ebss

._user_heap_stack
                0x200000bc      0x604 load address 0x08001110
                0x200000c0                        . = ALIGN (0x8)
 *fill*         0x200000bc        0x4 
                0x200000c0                        PROVIDE (end = .)
                [!provide]                        PROVIDE (_end = .)
                0x200002c0                        . = (. + _Min_Heap_Size)
 *fill*         0x200000c0      0x200 
                0x200006c0                        . = (. + _Min_Stack_Size)
 *fill*         0x200002c0      0x400 
                0x200006c0                        . = ALIGN (0x8)

/DISCARD/
 libc.a(*)
 libm.a(*)
 libgcc.a(*)

.ARM.attributes
                0x00000000       0x29
 *(.ARM.attributes)
 .ARM.attributes
                0x00000000       0x1d /usr/lib/gcc/arm-none-eabi/13.2.0/thumb/v7-m/nofp/crti.o
 .ARM.attributes
                0x0000001d       0x2d /usr/lib/gcc/arm-none-eabi/13.2.0/thumb/v7-m/nofp/crtbegin.o
 .ARM.attributes
                0x0000004a       0x2d target/gpio.o
 .ARM.attributes
                0x00000077       0x2d target/main.o
 .ARM.attributes
                0x000000a4       0x2d target/stm32f1xx_hal_msp.o
 .ARM.attributes
                0x000000d1       0x2d target/stm32f1xx_it.o
 .ARM.attributes
                0x000000fe       0x2d target/system_stm32f1xx.o
 .ARM.attributes
                0x0000012b       0x2d target/tim.o
 .ARM.attributes
                0x00000158       0x2d target/stm32f1xx_hal_tim.o
 .ARM.attributes
                0x00000185       0x2d target/stm32f1xx_hal_tim_ex.o
 .ARM.attributes
                0x000001b2       0x2d target/stm32f1xx_hal.o
 .ARM.attributes
                0x000001df       0x2d target/stm32f1xx_hal_rcc.o
 .ARM.attributes
                0x0000020c       0x2d target/stm32f1xx_hal_gpio.o
 .ARM.attributes
                0x00000239       0x2d target/stm32f1xx_hal_cortex.o
 .ARM.attributes
                0x00000266       0x21 target/startup_stm32f103xb.o
 .ARM.attributes
                0x00000287       0x2d /usr/lib/gcc/arm-none-eabi/13.2.0/../../../../arm-none-eabi/lib/thumb/v7-m/nofp/libc_nano.a(libc_a-memset.o)
 .ARM.attributes
                0x000002b4       0x2d /usr/lib/gcc/arm-none-eabi/13.2.0/../../../../arm-none-eabi/lib/thumb/v7-m/nofp/libc_nano.a(libc_a-init.o)
 .ARM.attributes
                0x000002e1       0x1d /usr/lib/gcc/arm-none-eabi/13.2.0/thumb/v7-m/nofp/crtn.o
OUTPUT(target/tim_exit.elf elf32-littlearm)
LOAD linker stubs
LOAD /usr/lib/gcc/arm-none-eabi/13.2.0/../../../../arm-none-eabi/lib/thumb/v7-m/nofp/libc.a
LOAD /usr/lib/gcc/arm-none-eabi/13.2.0/../../../../arm-none-eabi/lib/thumb/v7-m/nofp/libm.a
LOAD /usr/lib/gcc/arm-none-eabi/13.2.0/thumb/v7-m/nofp/libgcc.a

.comment        0x00000000       0x3c
 .comment       0x00000000       0x3c target/gpio.o
                                 0x1f (size before relaxing)
 .comment       0x0000003c       0x1f target/main.o
 .comment       0x0000003c       0x1f target/stm32f1xx_hal_msp.o
 .comment       0x0000003c       0x1f target/stm32f1xx_it.o
 .comment       0x0000003c       0x1f target/system_stm32f1xx.o
 .comment       0x0000003c       0x1f target/tim.o
 .comment       0x0000003c       0x1f target/stm32f1xx_hal_tim.o
 .comment       0x0000003c       0x1f target/stm32f1xx_hal_tim_ex.o
 .comment       0x0000003c       0x1f target/stm32f1xx_hal.o
 .comment       0x0000003c       0x1f target/stm32f1xx_hal_rcc.o
 .comment       0x0000003c       0x1f target/stm32f1xx_hal_gpio.o
 .comment       0x0000003c       0x1f target/stm32f1xx_hal_cortex.o
 .comment       0x0000003c       0x1f /usr/lib/gcc/arm-none-eabi/13.2.0/../../../../arm-none-eabi/lib/thumb/v7-m/nofp/libc_nano.a(libc_a-memset.o)
 .comment       0x0000003c       0x1f /usr/lib/gcc/arm-none-eabi/13.2.0/../../../../arm-none-eabi/lib/thumb/v7-m/nofp/libc_nano.a(libc_a-init.o)

.debug_info     0x00000000      0x1eb
 .debug_info    0x00000000       0xe0 /usr/lib/gcc/arm-none-eabi/13.2.0/../../../../arm-none-eabi/lib/thumb/v7-m/nofp/libc_nano.a(libc_a-memset.o)
 .debug_info    0x000000e0      0x10b /usr/lib/gcc/arm-none-eabi/13.2.0/../../../../arm-none-eabi/lib/thumb/v7-m/nofp/libc_nano.a(libc_a-init.o)

.debug_abbrev   0x00000000      0x167
 .debug_abbrev  0x00000000       0x9e /usr/lib/gcc/arm-none-eabi/13.2.0/../../../../arm-none-eabi/lib/thumb/v7-m/nofp/libc_nano.a(libc_a-memset.o)
 .debug_abbrev  0x0000009e       0xc9 /usr/lib/gcc/arm-none-eabi/13.2.0/../../../../arm-none-eabi/lib/thumb/v7-m/nofp/libc_nano.a(libc_a-init.o)

.debug_loclists
                0x00000000       0x6f
 .debug_loclists
                0x00000000       0x3b /usr/lib/gcc/arm-none-eabi/13.2.0/../../../../arm-none-eabi/lib/thumb/v7-m/nofp/libc_nano.a(libc_a-memset.o)
 .debug_loclists
                0x0000003b       0x34 /usr/lib/gcc/arm-none-eabi/13.2.0/../../../../arm-none-eabi/lib/thumb/v7-m/nofp/libc_nano.a(libc_a-init.o)

.debug_aranges  0x00000000       0x40
 .debug_aranges
                0x00000000       0x20 /usr/lib/gcc/arm-none-eabi/13.2.0/../../../../arm-none-eabi/lib/thumb/v7-m/nofp/libc_nano.a(libc_a-memset.o)
 .debug_aranges
                0x00000020       0x20 /usr/lib/gcc/arm-none-eabi/13.2.0/../../../../arm-none-eabi/lib/thumb/v7-m/nofp/libc_nano.a(libc_a-init.o)

.debug_rnglists
                0x00000000       0x26
 .debug_rnglists
                0x00000000       0x13 /usr/lib/gcc/arm-none-eabi/13.2.0/../../../../arm-none-eabi/lib/thumb/v7-m/nofp/libc_nano.a(libc_a-memset.o)
 .debug_rnglists
                0x00000013       0x13 /usr/lib/gcc/arm-none-eabi/13.2.0/../../../../arm-none-eabi/lib/thumb/v7-m/nofp/libc_nano.a(libc_a-init.o)

.debug_line     0x00000000      0x24d
 .debug_line    0x00000000      0x123 /usr/lib/gcc/arm-none-eabi/13.2.0/../../../../arm-none-eabi/lib/thumb/v7-m/nofp/libc_nano.a(libc_a-memset.o)
 .debug_line    0x00000123      0x12a /usr/lib/gcc/arm-none-eabi/13.2.0/../../../../arm-none-eabi/lib/thumb/v7-m/nofp/libc_nano.a(libc_a-init.o)

.debug_str      0x00000000      0x22a
 .debug_str     0x00000000      0x22a /usr/lib/gcc/arm-none-eabi/13.2.0/../../../../arm-none-eabi/lib/thumb/v7-m/nofp/libc_nano.a(libc_a-memset.o)
                                0x1b7 (size before relaxing)
 .debug_str     0x0000022a      0x218 /usr/lib/gcc/arm-none-eabi/13.2.0/../../../../arm-none-eabi/lib/thumb/v7-m/nofp/libc_nano.a(libc_a-init.o)

.debug_frame    0x00000000       0x4c
 .debug_frame   0x00000000       0x20 /usr/lib/gcc/arm-none-eabi/13.2.0/../../../../arm-none-eabi/lib/thumb/v7-m/nofp/libc_nano.a(libc_a-memset.o)
 .debug_frame   0x00000020       0x2c /usr/lib/gcc/arm-none-eabi/13.2.0/../../../../arm-none-eabi/lib/thumb/v7-m/nofp/libc_nano.a(libc_a-init.o)

Cross Reference Table

Symbol                                            File
ADC1_2_IRQHandler                                 target/startup_stm32f103xb.o
AHBPrescTable                                     target/system_stm32f1xx.o
                                                  target/stm32f1xx_hal_rcc.o
APBPrescTable                                     target/system_stm32f1xx.o
                                                  target/stm32f1xx_hal_rcc.o
BusFault_Handler                                  target/stm32f1xx_it.o
CAN1_RX1_IRQHandler                               target/startup_stm32f103xb.o
CAN1_SCE_IRQHandler                               target/startup_stm32f103xb.o
DMA1_Channel1_IRQHandler                          target/startup_stm32f103xb.o
DMA1_Channel2_IRQHandler                          target/startup_stm32f103xb.o
DMA1_Channel3_IRQHandler                          target/startup_stm32f103xb.o
DMA1_Channel4_IRQHandler                          target/startup_stm32f103xb.o
DMA1_Channel5_IRQHandler                          target/startup_stm32f103xb.o
DMA1_Channel6_IRQHandler                          target/startup_stm32f103xb.o
DMA1_Channel7_IRQHandler                          target/startup_stm32f103xb.o
DebugMon_Handler                                  target/stm32f1xx_it.o
Default_Handler                                   target/startup_stm32f103xb.o
EXTI0_IRQHandler                                  target/startup_stm32f103xb.o
EXTI15_10_IRQHandler                              target/startup_stm32f103xb.o
EXTI1_IRQHandler                                  target/startup_stm32f103xb.o
EXTI2_IRQHandler                                  target/startup_stm32f103xb.o
EXTI3_IRQHandler                                  target/startup_stm32f103xb.o
EXTI4_IRQHandler                                  target/startup_stm32f103xb.o
EXTI9_5_IRQHandler                                target/startup_stm32f103xb.o
Error_Handler                                     target/main.o
                                                  target/tim.o
FLASH_IRQHandler                                  target/startup_stm32f103xb.o
FLASH_PageErase                                   target/stm32f1xx_hal_flash_ex.o
                                                  target/stm32f1xx_hal_flash.o
FLASH_WaitForLastOperation                        target/stm32f1xx_hal_flash.o
                                                  target/stm32f1xx_hal_flash_ex.o
HAL_DBGMCU_DisableDBGSleepMode                    target/stm32f1xx_hal.o
HAL_DBGMCU_DisableDBGStandbyMode                  target/stm32f1xx_hal.o
HAL_DBGMCU_DisableDBGStopMode                     target/stm32f1xx_hal.o
HAL_DBGMCU_EnableDBGSleepMode                     target/stm32f1xx_hal.o
HAL_DBGMCU_EnableDBGStandbyMode                   target/stm32f1xx_hal.o
HAL_DBGMCU_EnableDBGStopMode                      target/stm32f1xx_hal.o
HAL_DMA_Abort                                     target/stm32f1xx_hal_dma.o
HAL_DMA_Abort_IT                                  target/stm32f1xx_hal_dma.o
                                                  target/stm32f1xx_hal_tim_ex.o
                                                  target/stm32f1xx_hal_tim.o
HAL_DMA_DeInit                                    target/stm32f1xx_hal_dma.o
HAL_DMA_GetError                                  target/stm32f1xx_hal_dma.o
HAL_DMA_GetState                                  target/stm32f1xx_hal_dma.o
HAL_DMA_IRQHandler                                target/stm32f1xx_hal_dma.o
HAL_DMA_Init                                      target/stm32f1xx_hal_dma.o
HAL_DMA_PollForTransfer                           target/stm32f1xx_hal_dma.o
HAL_DMA_RegisterCallback                          target/stm32f1xx_hal_dma.o
HAL_DMA_Start                                     target/stm32f1xx_hal_dma.o
HAL_DMA_Start_IT                                  target/stm32f1xx_hal_dma.o
                                                  target/stm32f1xx_hal_tim_ex.o
                                                  target/stm32f1xx_hal_tim.o
HAL_DMA_UnRegisterCallback                        target/stm32f1xx_hal_dma.o
HAL_DeInit                                        target/stm32f1xx_hal.o
HAL_Delay                                         target/stm32f1xx_hal.o
HAL_EXTI_ClearConfigLine                          target/stm32f1xx_hal_exti.o
HAL_EXTI_ClearPending                             target/stm32f1xx_hal_exti.o
HAL_EXTI_GenerateSWI                              target/stm32f1xx_hal_exti.o
HAL_EXTI_GetConfigLine                            target/stm32f1xx_hal_exti.o
HAL_EXTI_GetHandle                                target/stm32f1xx_hal_exti.o
HAL_EXTI_GetPending                               target/stm32f1xx_hal_exti.o
HAL_EXTI_IRQHandler                               target/stm32f1xx_hal_exti.o
HAL_EXTI_RegisterCallback                         target/stm32f1xx_hal_exti.o
HAL_EXTI_SetConfigLine                            target/stm32f1xx_hal_exti.o
HAL_FLASHEx_Erase                                 target/stm32f1xx_hal_flash_ex.o
HAL_FLASHEx_Erase_IT                              target/stm32f1xx_hal_flash_ex.o
HAL_FLASHEx_OBErase                               target/stm32f1xx_hal_flash_ex.o
HAL_FLASHEx_OBGetConfig                           target/stm32f1xx_hal_flash_ex.o
HAL_FLASHEx_OBGetUserData                         target/stm32f1xx_hal_flash_ex.o
HAL_FLASHEx_OBProgram                             target/stm32f1xx_hal_flash_ex.o
HAL_FLASH_EndOfOperationCallback                  target/stm32f1xx_hal_flash.o
HAL_FLASH_GetError                                target/stm32f1xx_hal_flash.o
HAL_FLASH_IRQHandler                              target/stm32f1xx_hal_flash.o
HAL_FLASH_Lock                                    target/stm32f1xx_hal_flash.o
HAL_FLASH_OB_Launch                               target/stm32f1xx_hal_flash.o
HAL_FLASH_OB_Lock                                 target/stm32f1xx_hal_flash.o
HAL_FLASH_OB_Unlock                               target/stm32f1xx_hal_flash.o
HAL_FLASH_OperationErrorCallback                  target/stm32f1xx_hal_flash.o
HAL_FLASH_Program                                 target/stm32f1xx_hal_flash.o
HAL_FLASH_Program_IT                              target/stm32f1xx_hal_flash.o
HAL_FLASH_Unlock                                  target/stm32f1xx_hal_flash.o
HAL_GPIOEx_ConfigEventout                         target/stm32f1xx_hal_gpio_ex.o
HAL_GPIOEx_DisableEventout                        target/stm32f1xx_hal_gpio_ex.o
HAL_GPIOEx_EnableEventout                         target/stm32f1xx_hal_gpio_ex.o
HAL_GPIO_DeInit                                   target/stm32f1xx_hal_gpio.o
HAL_GPIO_EXTI_Callback                            target/stm32f1xx_hal_gpio.o
HAL_GPIO_EXTI_IRQHandler                          target/stm32f1xx_hal_gpio.o
HAL_GPIO_Init                                     target/stm32f1xx_hal_gpio.o
                                                  target/stm32f1xx_hal_rcc.o
                                                  target/gpio.o
HAL_GPIO_LockPin                                  target/stm32f1xx_hal_gpio.o
HAL_GPIO_ReadPin                                  target/stm32f1xx_hal_gpio.o
HAL_GPIO_TogglePin                                target/stm32f1xx_hal_gpio.o
                                                  target/main.o
HAL_GPIO_WritePin                                 target/stm32f1xx_hal_gpio.o
                                                  target/gpio.o
HAL_GetDEVID                                      target/stm32f1xx_hal.o
HAL_GetHalVersion                                 target/stm32f1xx_hal.o
HAL_GetREVID                                      target/stm32f1xx_hal.o
HAL_GetTick                                       target/stm32f1xx_hal.o
                                                  target/stm32f1xx_hal_flash.o
                                                  target/stm32f1xx_hal_dma.o
                                                  target/stm32f1xx_hal_rcc_ex.o
                                                  target/stm32f1xx_hal_rcc.o
HAL_GetTickFreq                                   target/stm32f1xx_hal.o
HAL_GetTickPrio                                   target/stm32f1xx_hal.o
HAL_GetUIDw0                                      target/stm32f1xx_hal.o
HAL_GetUIDw1                                      target/stm32f1xx_hal.o
HAL_GetUIDw2                                      target/stm32f1xx_hal.o
HAL_IncTick                                       target/stm32f1xx_hal.o
                                                  target/stm32f1xx_it.o
HAL_Init                                          target/stm32f1xx_hal.o
                                                  target/main.o
HAL_InitTick                                      target/stm32f1xx_hal.o
                                                  target/stm32f1xx_hal_rcc.o
HAL_MspDeInit                                     target/stm32f1xx_hal.o
HAL_MspInit                                       target/stm32f1xx_hal_msp.o
HAL_NVIC_ClearPendingIRQ                          target/stm32f1xx_hal_cortex.o
HAL_NVIC_DisableIRQ                               target/stm32f1xx_hal_cortex.o
                                                  target/tim.o
HAL_NVIC_EnableIRQ                                target/stm32f1xx_hal_cortex.o
                                                  target/tim.o
HAL_NVIC_GetActive                                target/stm32f1xx_hal_cortex.o
HAL_NVIC_GetPendingIRQ                            target/stm32f1xx_hal_cortex.o
HAL_NVIC_GetPriority                              target/stm32f1xx_hal_cortex.o
HAL_NVIC_GetPriorityGrouping                      target/stm32f1xx_hal_cortex.o
HAL_NVIC_SetPendingIRQ                            target/stm32f1xx_hal_cortex.o
HAL_NVIC_SetPriority                              target/stm32f1xx_hal_cortex.o
                                                  target/stm32f1xx_hal.o
                                                  target/tim.o
HAL_NVIC_SetPriorityGrouping                      target/stm32f1xx_hal_cortex.o
                                                  target/stm32f1xx_hal.o
HAL_NVIC_SystemReset                              target/stm32f1xx_hal_cortex.o
                                                  target/stm32f1xx_hal_flash.o
HAL_PWR_ConfigPVD                                 target/stm32f1xx_hal_pwr.o
HAL_PWR_DeInit                                    target/stm32f1xx_hal_pwr.o
HAL_PWR_DisableBkUpAccess                         target/stm32f1xx_hal_pwr.o
HAL_PWR_DisablePVD                                target/stm32f1xx_hal_pwr.o
HAL_PWR_DisableSEVOnPend                          target/stm32f1xx_hal_pwr.o
HAL_PWR_DisableSleepOnExit                        target/stm32f1xx_hal_pwr.o
HAL_PWR_DisableWakeUpPin                          target/stm32f1xx_hal_pwr.o
HAL_PWR_EnableBkUpAccess                          target/stm32f1xx_hal_pwr.o
HAL_PWR_EnablePVD                                 target/stm32f1xx_hal_pwr.o
HAL_PWR_EnableSEVOnPend                           target/stm32f1xx_hal_pwr.o
HAL_PWR_EnableSleepOnExit                         target/stm32f1xx_hal_pwr.o
HAL_PWR_EnableWakeUpPin                           target/stm32f1xx_hal_pwr.o
HAL_PWR_EnterSLEEPMode                            target/stm32f1xx_hal_pwr.o
HAL_PWR_EnterSTANDBYMode                          target/stm32f1xx_hal_pwr.o
HAL_PWR_EnterSTOPMode                             target/stm32f1xx_hal_pwr.o
HAL_PWR_PVDCallback                               target/stm32f1xx_hal_pwr.o
HAL_PWR_PVD_IRQHandler                            target/stm32f1xx_hal_pwr.o
HAL_RCCEx_GetPeriphCLKConfig                      target/stm32f1xx_hal_rcc_ex.o
HAL_RCCEx_GetPeriphCLKFreq                        target/stm32f1xx_hal_rcc_ex.o
HAL_RCCEx_PeriphCLKConfig                         target/stm32f1xx_hal_rcc_ex.o
HAL_RCC_CSSCallback                               target/stm32f1xx_hal_rcc.o
HAL_RCC_ClockConfig                               target/stm32f1xx_hal_rcc.o
                                                  target/main.o
HAL_RCC_DeInit                                    target/stm32f1xx_hal_rcc.o
HAL_RCC_DisableCSS                                target/stm32f1xx_hal_rcc.o
HAL_RCC_EnableCSS                                 target/stm32f1xx_hal_rcc.o
HAL_RCC_GetClockConfig                            target/stm32f1xx_hal_rcc.o
HAL_RCC_GetHCLKFreq                               target/stm32f1xx_hal_rcc.o
HAL_RCC_GetOscConfig                              target/stm32f1xx_hal_rcc.o
HAL_RCC_GetPCLK1Freq                              target/stm32f1xx_hal_rcc.o
HAL_RCC_GetPCLK2Freq                              target/stm32f1xx_hal_rcc.o
                                                  target/stm32f1xx_hal_rcc_ex.o
HAL_RCC_GetSysClockFreq                           target/stm32f1xx_hal_rcc.o
HAL_RCC_MCOConfig                                 target/stm32f1xx_hal_rcc.o
HAL_RCC_NMI_IRQHandler                            target/stm32f1xx_hal_rcc.o
HAL_RCC_OscConfig                                 target/stm32f1xx_hal_rcc.o
                                                  target/main.o
HAL_ResumeTick                                    target/stm32f1xx_hal.o
HAL_SYSTICK_CLKSourceConfig                       target/stm32f1xx_hal_cortex.o
HAL_SYSTICK_Callback                              target/stm32f1xx_hal_cortex.o
HAL_SYSTICK_Config                                target/stm32f1xx_hal_cortex.o
                                                  target/stm32f1xx_hal.o
HAL_SYSTICK_IRQHandler                            target/stm32f1xx_hal_cortex.o
HAL_SetTickFreq                                   target/stm32f1xx_hal.o
HAL_SuspendTick                                   target/stm32f1xx_hal.o
HAL_TIMEx_BreakCallback                           target/stm32f1xx_hal_tim_ex.o
                                                  target/stm32f1xx_hal_tim.o
HAL_TIMEx_CommutCallback                          target/stm32f1xx_hal_tim_ex.o
                                                  target/stm32f1xx_hal_tim.o
HAL_TIMEx_CommutHalfCpltCallback                  target/stm32f1xx_hal_tim_ex.o
HAL_TIMEx_ConfigBreakDeadTime                     target/stm32f1xx_hal_tim_ex.o
HAL_TIMEx_ConfigCommutEvent                       target/stm32f1xx_hal_tim_ex.o
HAL_TIMEx_ConfigCommutEvent_DMA                   target/stm32f1xx_hal_tim_ex.o
HAL_TIMEx_ConfigCommutEvent_IT                    target/stm32f1xx_hal_tim_ex.o
HAL_TIMEx_GetChannelNState                        target/stm32f1xx_hal_tim_ex.o
HAL_TIMEx_HallSensor_DeInit                       target/stm32f1xx_hal_tim_ex.o
HAL_TIMEx_HallSensor_GetState                     target/stm32f1xx_hal_tim_ex.o
HAL_TIMEx_HallSensor_Init                         target/stm32f1xx_hal_tim_ex.o
HAL_TIMEx_HallSensor_MspDeInit                    target/stm32f1xx_hal_tim_ex.o
HAL_TIMEx_HallSensor_MspInit                      target/stm32f1xx_hal_tim_ex.o
HAL_TIMEx_HallSensor_Start                        target/stm32f1xx_hal_tim_ex.o
HAL_TIMEx_HallSensor_Start_DMA                    target/stm32f1xx_hal_tim_ex.o
HAL_TIMEx_HallSensor_Start_IT                     target/stm32f1xx_hal_tim_ex.o
HAL_TIMEx_HallSensor_Stop                         target/stm32f1xx_hal_tim_ex.o
HAL_TIMEx_HallSensor_Stop_DMA                     target/stm32f1xx_hal_tim_ex.o
HAL_TIMEx_HallSensor_Stop_IT                      target/stm32f1xx_hal_tim_ex.o
HAL_TIMEx_MasterConfigSynchronization             target/stm32f1xx_hal_tim_ex.o
                                                  target/tim.o
HAL_TIMEx_OCN_Start                               target/stm32f1xx_hal_tim_ex.o
HAL_TIMEx_OCN_Start_DMA                           target/stm32f1xx_hal_tim_ex.o
HAL_TIMEx_OCN_Start_IT                            target/stm32f1xx_hal_tim_ex.o
HAL_TIMEx_OCN_Stop                                target/stm32f1xx_hal_tim_ex.o
HAL_TIMEx_OCN_Stop_DMA                            target/stm32f1xx_hal_tim_ex.o
HAL_TIMEx_OCN_Stop_IT                             target/stm32f1xx_hal_tim_ex.o
HAL_TIMEx_OnePulseN_Start                         target/stm32f1xx_hal_tim_ex.o
HAL_TIMEx_OnePulseN_Start_IT                      target/stm32f1xx_hal_tim_ex.o
HAL_TIMEx_OnePulseN_Stop                          target/stm32f1xx_hal_tim_ex.o
HAL_TIMEx_OnePulseN_Stop_IT                       target/stm32f1xx_hal_tim_ex.o
HAL_TIMEx_PWMN_Start                              target/stm32f1xx_hal_tim_ex.o
HAL_TIMEx_PWMN_Start_DMA                          target/stm32f1xx_hal_tim_ex.o
HAL_TIMEx_PWMN_Start_IT                           target/stm32f1xx_hal_tim_ex.o
HAL_TIMEx_PWMN_Stop                               target/stm32f1xx_hal_tim_ex.o
HAL_TIMEx_PWMN_Stop_DMA                           target/stm32f1xx_hal_tim_ex.o
HAL_TIMEx_PWMN_Stop_IT                            target/stm32f1xx_hal_tim_ex.o
HAL_TIMEx_RemapConfig                             target/stm32f1xx_hal_tim_ex.o
HAL_TIM_Base_DeInit                               target/stm32f1xx_hal_tim.o
HAL_TIM_Base_GetState                             target/stm32f1xx_hal_tim.o
HAL_TIM_Base_Init                                 target/stm32f1xx_hal_tim.o
                                                  target/tim.o
HAL_TIM_Base_MspDeInit                            target/tim.o
HAL_TIM_Base_MspInit                              target/tim.o
HAL_TIM_Base_Start                                target/stm32f1xx_hal_tim.o
HAL_TIM_Base_Start_DMA                            target/stm32f1xx_hal_tim.o
HAL_TIM_Base_Start_IT                             target/stm32f1xx_hal_tim.o
                                                  target/main.o
HAL_TIM_Base_Stop                                 target/stm32f1xx_hal_tim.o
HAL_TIM_Base_Stop_DMA                             target/stm32f1xx_hal_tim.o
HAL_TIM_Base_Stop_IT                              target/stm32f1xx_hal_tim.o
HAL_TIM_ConfigClockSource                         target/stm32f1xx_hal_tim.o
                                                  target/tim.o
HAL_TIM_ConfigOCrefClear                          target/stm32f1xx_hal_tim.o
HAL_TIM_ConfigTI1Input                            target/stm32f1xx_hal_tim.o
HAL_TIM_DMABurstState                             target/stm32f1xx_hal_tim.o
HAL_TIM_DMABurst_MultiReadStart                   target/stm32f1xx_hal_tim.o
HAL_TIM_DMABurst_MultiWriteStart                  target/stm32f1xx_hal_tim.o
HAL_TIM_DMABurst_ReadStart                        target/stm32f1xx_hal_tim.o
HAL_TIM_DMABurst_ReadStop                         target/stm32f1xx_hal_tim.o
HAL_TIM_DMABurst_WriteStart                       target/stm32f1xx_hal_tim.o
HAL_TIM_DMABurst_WriteStop                        target/stm32f1xx_hal_tim.o
HAL_TIM_Encoder_DeInit                            target/stm32f1xx_hal_tim.o
HAL_TIM_Encoder_GetState                          target/stm32f1xx_hal_tim.o
HAL_TIM_Encoder_Init                              target/stm32f1xx_hal_tim.o
HAL_TIM_Encoder_MspDeInit                         target/stm32f1xx_hal_tim.o
HAL_TIM_Encoder_MspInit                           target/stm32f1xx_hal_tim.o
HAL_TIM_Encoder_Start                             target/stm32f1xx_hal_tim.o
HAL_TIM_Encoder_Start_DMA                         target/stm32f1xx_hal_tim.o
HAL_TIM_Encoder_Start_IT                          target/stm32f1xx_hal_tim.o
HAL_TIM_Encoder_Stop                              target/stm32f1xx_hal_tim.o
HAL_TIM_Encoder_Stop_DMA                          target/stm32f1xx_hal_tim.o
HAL_TIM_Encoder_Stop_IT                           target/stm32f1xx_hal_tim.o
HAL_TIM_ErrorCallback                             target/stm32f1xx_hal_tim.o
                                                  target/stm32f1xx_hal_tim_ex.o
HAL_TIM_GenerateEvent                             target/stm32f1xx_hal_tim.o
HAL_TIM_GetActiveChannel                          target/stm32f1xx_hal_tim.o
HAL_TIM_GetChannelState                           target/stm32f1xx_hal_tim.o
HAL_TIM_IC_CaptureCallback                        target/stm32f1xx_hal_tim.o
HAL_TIM_IC_CaptureHalfCpltCallback                target/stm32f1xx_hal_tim.o
HAL_TIM_IC_ConfigChannel                          target/stm32f1xx_hal_tim.o
HAL_TIM_IC_DeInit                                 target/stm32f1xx_hal_tim.o
HAL_TIM_IC_GetState                               target/stm32f1xx_hal_tim.o
HAL_TIM_IC_Init                                   target/stm32f1xx_hal_tim.o
HAL_TIM_IC_MspDeInit                              target/stm32f1xx_hal_tim.o
HAL_TIM_IC_MspInit                                target/stm32f1xx_hal_tim.o
HAL_TIM_IC_Start                                  target/stm32f1xx_hal_tim.o
HAL_TIM_IC_Start_DMA                              target/stm32f1xx_hal_tim.o
HAL_TIM_IC_Start_IT                               target/stm32f1xx_hal_tim.o
HAL_TIM_IC_Stop                                   target/stm32f1xx_hal_tim.o
HAL_TIM_IC_Stop_DMA                               target/stm32f1xx_hal_tim.o
HAL_TIM_IC_Stop_IT                                target/stm32f1xx_hal_tim.o
HAL_TIM_IRQHandler                                target/stm32f1xx_hal_tim.o
                                                  target/stm32f1xx_it.o
HAL_TIM_OC_ConfigChannel                          target/stm32f1xx_hal_tim.o
HAL_TIM_OC_DeInit                                 target/stm32f1xx_hal_tim.o
HAL_TIM_OC_DelayElapsedCallback                   target/stm32f1xx_hal_tim.o
HAL_TIM_OC_GetState                               target/stm32f1xx_hal_tim.o
HAL_TIM_OC_Init                                   target/stm32f1xx_hal_tim.o
HAL_TIM_OC_MspDeInit                              target/stm32f1xx_hal_tim.o
HAL_TIM_OC_MspInit                                target/stm32f1xx_hal_tim.o
HAL_TIM_OC_Start                                  target/stm32f1xx_hal_tim.o
HAL_TIM_OC_Start_DMA                              target/stm32f1xx_hal_tim.o
HAL_TIM_OC_Start_IT                               target/stm32f1xx_hal_tim.o
HAL_TIM_OC_Stop                                   target/stm32f1xx_hal_tim.o
HAL_TIM_OC_Stop_DMA                               target/stm32f1xx_hal_tim.o
HAL_TIM_OC_Stop_IT                                target/stm32f1xx_hal_tim.o
HAL_TIM_OnePulse_ConfigChannel                    target/stm32f1xx_hal_tim.o
HAL_TIM_OnePulse_DeInit                           target/stm32f1xx_hal_tim.o
HAL_TIM_OnePulse_GetState                         target/stm32f1xx_hal_tim.o
HAL_TIM_OnePulse_Init                             target/stm32f1xx_hal_tim.o
HAL_TIM_OnePulse_MspDeInit                        target/stm32f1xx_hal_tim.o
HAL_TIM_OnePulse_MspInit                          target/stm32f1xx_hal_tim.o
HAL_TIM_OnePulse_Start                            target/stm32f1xx_hal_tim.o
HAL_TIM_OnePulse_Start_IT                         target/stm32f1xx_hal_tim.o
HAL_TIM_OnePulse_Stop                             target/stm32f1xx_hal_tim.o
HAL_TIM_OnePulse_Stop_IT                          target/stm32f1xx_hal_tim.o
HAL_TIM_PWM_ConfigChannel                         target/stm32f1xx_hal_tim.o
HAL_TIM_PWM_DeInit                                target/stm32f1xx_hal_tim.o
HAL_TIM_PWM_GetState                              target/stm32f1xx_hal_tim.o
HAL_TIM_PWM_Init                                  target/stm32f1xx_hal_tim.o
HAL_TIM_PWM_MspDeInit                             target/stm32f1xx_hal_tim.o
HAL_TIM_PWM_MspInit                               target/stm32f1xx_hal_tim.o
HAL_TIM_PWM_PulseFinishedCallback                 target/stm32f1xx_hal_tim.o
                                                  target/stm32f1xx_hal_tim_ex.o
HAL_TIM_PWM_PulseFinishedHalfCpltCallback         target/stm32f1xx_hal_tim.o
HAL_TIM_PWM_Start                                 target/stm32f1xx_hal_tim.o
HAL_TIM_PWM_Start_DMA                             target/stm32f1xx_hal_tim.o
HAL_TIM_PWM_Start_IT                              target/stm32f1xx_hal_tim.o
HAL_TIM_PWM_Stop                                  target/stm32f1xx_hal_tim.o
HAL_TIM_PWM_Stop_DMA                              target/stm32f1xx_hal_tim.o
HAL_TIM_PWM_Stop_IT                               target/stm32f1xx_hal_tim.o
HAL_TIM_PeriodElapsedCallback                     target/main.o
HAL_TIM_PeriodElapsedHalfCpltCallback             target/stm32f1xx_hal_tim.o
HAL_TIM_ReadCapturedValue                         target/stm32f1xx_hal_tim.o
HAL_TIM_SlaveConfigSynchro                        target/stm32f1xx_hal_tim.o
HAL_TIM_SlaveConfigSynchro_IT                     target/stm32f1xx_hal_tim.o
HAL_TIM_TriggerCallback                           target/stm32f1xx_hal_tim.o
HAL_TIM_TriggerHalfCpltCallback                   target/stm32f1xx_hal_tim.o
HardFault_Handler                                 target/stm32f1xx_it.o
I2C1_ER_IRQHandler                                target/startup_stm32f103xb.o
I2C1_EV_IRQHandler                                target/startup_stm32f103xb.o
I2C2_ER_IRQHandler                                target/startup_stm32f103xb.o
I2C2_EV_IRQHandler                                target/startup_stm32f103xb.o
MX_GPIO_Init                                      target/gpio.o
                                                  target/main.o
MX_TIM2_Init                                      target/tim.o
                                                  target/main.o
MX_TIM3_Init                                      target/tim.o
                                                  target/main.o
MemManage_Handler                                 target/stm32f1xx_it.o
NMI_Handler                                       target/stm32f1xx_it.o
PVD_IRQHandler                                    target/startup_stm32f103xb.o
PendSV_Handler                                    target/stm32f1xx_it.o
RCC_IRQHandler                                    target/startup_stm32f103xb.o
RTC_Alarm_IRQHandler                              target/startup_stm32f103xb.o
RTC_IRQHandler                                    target/startup_stm32f103xb.o
Reset_Handler                                     target/startup_stm32f103xb.o
SPI1_IRQHandler                                   target/startup_stm32f103xb.o
SPI2_IRQHandler                                   target/startup_stm32f103xb.o
SVC_Handler                                       target/stm32f1xx_it.o
SysTick_Handler                                   target/stm32f1xx_it.o
SystemClock_Config                                target/main.o
SystemCoreClock                                   target/system_stm32f1xx.o
                                                  target/stm32f1xx_hal_rcc.o
                                                  target/stm32f1xx_hal.o
SystemCoreClockUpdate                             target/system_stm32f1xx.o
SystemInit                                        target/system_stm32f1xx.o
                                                  target/startup_stm32f103xb.o
TAMPER_IRQHandler                                 target/startup_stm32f103xb.o
TIM1_BRK_IRQHandler                               target/startup_stm32f103xb.o
TIM1_CC_IRQHandler                                target/startup_stm32f103xb.o
TIM1_TRG_COM_IRQHandler                           target/startup_stm32f103xb.o
TIM1_UP_IRQHandler                                target/startup_stm32f103xb.o
TIM2_IRQHandler                                   target/stm32f1xx_it.o
TIM3_IRQHandler                                   target/stm32f1xx_it.o
TIM4_IRQHandler                                   target/startup_stm32f103xb.o
TIMEx_DMACommutationCplt                          target/stm32f1xx_hal_tim_ex.o
                                                  target/stm32f1xx_hal_tim.o
TIMEx_DMACommutationHalfCplt                      target/stm32f1xx_hal_tim_ex.o
                                                  target/stm32f1xx_hal_tim.o
TIM_Base_SetConfig                                target/stm32f1xx_hal_tim.o
                                                  target/stm32f1xx_hal_tim_ex.o
TIM_CCxChannelCmd                                 target/stm32f1xx_hal_tim.o
                                                  target/stm32f1xx_hal_tim_ex.o
TIM_DMACaptureCplt                                target/stm32f1xx_hal_tim.o
                                                  target/stm32f1xx_hal_tim_ex.o
TIM_DMACaptureHalfCplt                            target/stm32f1xx_hal_tim.o
                                                  target/stm32f1xx_hal_tim_ex.o
TIM_DMADelayPulseHalfCplt                         target/stm32f1xx_hal_tim.o
                                                  target/stm32f1xx_hal_tim_ex.o
TIM_DMAError                                      target/stm32f1xx_hal_tim.o
                                                  target/stm32f1xx_hal_tim_ex.o
TIM_ETR_SetConfig                                 target/stm32f1xx_hal_tim.o
TIM_OC2_SetConfig                                 target/stm32f1xx_hal_tim.o
                                                  target/stm32f1xx_hal_tim_ex.o
TIM_TI1_SetConfig                                 target/stm32f1xx_hal_tim.o
                                                  target/stm32f1xx_hal_tim_ex.o
USART1_IRQHandler                                 target/startup_stm32f103xb.o
USART2_IRQHandler                                 target/startup_stm32f103xb.o
USART3_IRQHandler                                 target/startup_stm32f103xb.o
USBWakeUp_IRQHandler                              target/startup_stm32f103xb.o
USB_HP_CAN1_TX_IRQHandler                         target/startup_stm32f103xb.o
USB_LP_CAN1_RX0_IRQHandler                        target/startup_stm32f103xb.o
UsageFault_Handler                                target/stm32f1xx_it.o
WWDG_IRQHandler                                   target/startup_stm32f103xb.o
__atexit                                          /usr/lib/gcc/arm-none-eabi/13.2.0/../../../../arm-none-eabi/lib/thumb/v7-m/nofp/libc_nano.a(libc_a-__call_atexit.o)
                                                  /usr/lib/gcc/arm-none-eabi/13.2.0/../../../../arm-none-eabi/lib/thumb/v7-m/nofp/libc_nano.a(libc_a-__atexit.o)
__atexit0                                         /usr/lib/gcc/arm-none-eabi/13.2.0/../../../../arm-none-eabi/lib/thumb/v7-m/nofp/libc_nano.a(libc_a-__atexit.o)
__atexit_dummy                                    /usr/lib/gcc/arm-none-eabi/13.2.0/../../../../arm-none-eabi/lib/thumb/v7-m/nofp/libc_nano.a(libc_a-__atexit.o)
__atexit_recursive_mutex                          /usr/lib/gcc/arm-none-eabi/13.2.0/../../../../arm-none-eabi/lib/thumb/v7-m/nofp/libc_nano.a(libc_a-__call_atexit.o)
                                                  /usr/lib/gcc/arm-none-eabi/13.2.0/../../../../arm-none-eabi/lib/thumb/v7-m/nofp/libc_nano.a(libc_a-__atexit.o)
__bss_end__                                       /usr/lib/gcc/arm-none-eabi/13.2.0/../../../../arm-none-eabi/lib/thumb/v7-m/nofp/crt0.o
__bss_start__                                     /usr/lib/gcc/arm-none-eabi/13.2.0/../../../../arm-none-eabi/lib/thumb/v7-m/nofp/crt0.o
__call_exitprocs                                  /usr/lib/gcc/arm-none-eabi/13.2.0/../../../../arm-none-eabi/lib/thumb/v7-m/nofp/libc_nano.a(libc_a-__call_atexit.o)
                                                  /usr/lib/gcc/arm-none-eabi/13.2.0/../../../../arm-none-eabi/lib/thumb/v7-m/nofp/libc_nano.a(libc_a-__atexit.o)
                                                  /usr/lib/gcc/arm-none-eabi/13.2.0/../../../../arm-none-eabi/lib/thumb/v7-m/nofp/libc_nano.a(libc_a-exit.o)
__deregister_frame_info                           /usr/lib/gcc/arm-none-eabi/13.2.0/thumb/v7-m/nofp/crtbegin.o
__dso_handle                                      /usr/lib/gcc/arm-none-eabi/13.2.0/thumb/v7-m/nofp/crtbegin.o
__fini_array_end                                  /usr/lib/gcc/arm-none-eabi/13.2.0/../../../../arm-none-eabi/lib/thumb/v7-m/nofp/libc_nano.a(libc_a-fini.o)
__fini_array_start                                /usr/lib/gcc/arm-none-eabi/13.2.0/../../../../arm-none-eabi/lib/thumb/v7-m/nofp/libc_nano.a(libc_a-fini.o)
__fp_lock_all                                     /usr/lib/gcc/arm-none-eabi/13.2.0/../../../../arm-none-eabi/lib/thumb/v7-m/nofp/libc_nano.a(libc_a-findfp.o)
__fp_unlock_all                                   /usr/lib/gcc/arm-none-eabi/13.2.0/../../../../arm-none-eabi/lib/thumb/v7-m/nofp/libc_nano.a(libc_a-findfp.o)
__init_array_end                                  /usr/lib/gcc/arm-none-eabi/13.2.0/../../../../arm-none-eabi/lib/thumb/v7-m/nofp/libc_nano.a(libc_a-init.o)
__init_array_start                                /usr/lib/gcc/arm-none-eabi/13.2.0/../../../../arm-none-eabi/lib/thumb/v7-m/nofp/libc_nano.a(libc_a-init.o)
__libc_fini_array                                 /usr/lib/gcc/arm-none-eabi/13.2.0/../../../../arm-none-eabi/lib/thumb/v7-m/nofp/libc_nano.a(libc_a-fini.o)
                                                  /usr/lib/gcc/arm-none-eabi/13.2.0/../../../../arm-none-eabi/lib/thumb/v7-m/nofp/crt0.o
__libc_init_array                                 /usr/lib/gcc/arm-none-eabi/13.2.0/../../../../arm-none-eabi/lib/thumb/v7-m/nofp/libc_nano.a(libc_a-init.o)
                                                  target/startup_stm32f103xb.o
                                                  /usr/lib/gcc/arm-none-eabi/13.2.0/../../../../arm-none-eabi/lib/thumb/v7-m/nofp/crt0.o
__lock___arc4random_mutex                         /usr/lib/gcc/arm-none-eabi/13.2.0/../../../../arm-none-eabi/lib/thumb/v7-m/nofp/libc_nano.a(libc_a-lock.o)
__lock___at_quick_exit_mutex                      /usr/lib/gcc/arm-none-eabi/13.2.0/../../../../arm-none-eabi/lib/thumb/v7-m/nofp/libc_nano.a(libc_a-lock.o)
__lock___atexit_recursive_mutex                   /usr/lib/gcc/arm-none-eabi/13.2.0/../../../../arm-none-eabi/lib/thumb/v7-m/nofp/libc_nano.a(libc_a-lock.o)
                                                  /usr/lib/gcc/arm-none-eabi/13.2.0/../../../../arm-none-eabi/lib/thumb/v7-m/nofp/libc_nano.a(libc_a-__call_atexit.o)
__lock___dd_hash_mutex                            /usr/lib/gcc/arm-none-eabi/13.2.0/../../../../arm-none-eabi/lib/thumb/v7-m/nofp/libc_nano.a(libc_a-lock.o)
__lock___env_recursive_mutex                      /usr/lib/gcc/arm-none-eabi/13.2.0/../../../../arm-none-eabi/lib/thumb/v7-m/nofp/libc_nano.a(libc_a-lock.o)
__lock___malloc_recursive_mutex                   /usr/lib/gcc/arm-none-eabi/13.2.0/../../../../arm-none-eabi/lib/thumb/v7-m/nofp/libc_nano.a(libc_a-lock.o)
                                                  /usr/lib/gcc/arm-none-eabi/13.2.0/../../../../arm-none-eabi/lib/thumb/v7-m/nofp/libc_nano.a(libc_a-mlock.o)
__lock___sfp_recursive_mutex                      /usr/lib/gcc/arm-none-eabi/13.2.0/../../../../arm-none-eabi/lib/thumb/v7-m/nofp/libc_nano.a(libc_a-lock.o)
                                                  /usr/lib/gcc/arm-none-eabi/13.2.0/../../../../arm-none-eabi/lib/thumb/v7-m/nofp/libc_nano.a(libc_a-findfp.o)
__lock___tz_mutex                                 /usr/lib/gcc/arm-none-eabi/13.2.0/../../../../arm-none-eabi/lib/thumb/v7-m/nofp/libc_nano.a(libc_a-lock.o)
__malloc_free_list                                /usr/lib/gcc/arm-none-eabi/13.2.0/../../../../arm-none-eabi/lib/thumb/v7-m/nofp/libc_nano.a(libc_a-mallocr.o)
                                                  /usr/lib/gcc/arm-none-eabi/13.2.0/../../../../arm-none-eabi/lib/thumb/v7-m/nofp/libc_nano.a(libc_a-freer.o)
__malloc_lock                                     /usr/lib/gcc/arm-none-eabi/13.2.0/../../../../arm-none-eabi/lib/thumb/v7-m/nofp/libc_nano.a(libc_a-mlock.o)
                                                  /usr/lib/gcc/arm-none-eabi/13.2.0/../../../../arm-none-eabi/lib/thumb/v7-m/nofp/libc_nano.a(libc_a-mallocr.o)
                                                  /usr/lib/gcc/arm-none-eabi/13.2.0/../../../../arm-none-eabi/lib/thumb/v7-m/nofp/libc_nano.a(libc_a-freer.o)
__malloc_sbrk_start                               /usr/lib/gcc/arm-none-eabi/13.2.0/../../../../arm-none-eabi/lib/thumb/v7-m/nofp/libc_nano.a(libc_a-mallocr.o)
__malloc_unlock                                   /usr/lib/gcc/arm-none-eabi/13.2.0/../../../../arm-none-eabi/lib/thumb/v7-m/nofp/libc_nano.a(libc_a-mlock.o)
                                                  /usr/lib/gcc/arm-none-eabi/13.2.0/../../../../arm-none-eabi/lib/thumb/v7-m/nofp/libc_nano.a(libc_a-mallocr.o)
                                                  /usr/lib/gcc/arm-none-eabi/13.2.0/../../../../arm-none-eabi/lib/thumb/v7-m/nofp/libc_nano.a(libc_a-freer.o)
__on_exit_args                                    /usr/lib/gcc/arm-none-eabi/13.2.0/../../../../arm-none-eabi/lib/thumb/v7-m/nofp/libc_nano.a(libc_a-__atexit.o)
__preinit_array_end                               /usr/lib/gcc/arm-none-eabi/13.2.0/../../../../arm-none-eabi/lib/thumb/v7-m/nofp/libc_nano.a(libc_a-init.o)
__preinit_array_start                             /usr/lib/gcc/arm-none-eabi/13.2.0/../../../../arm-none-eabi/lib/thumb/v7-m/nofp/libc_nano.a(libc_a-init.o)
__register_exitproc                               /usr/lib/gcc/arm-none-eabi/13.2.0/../../../../arm-none-eabi/lib/thumb/v7-m/nofp/libc_nano.a(libc_a-__atexit.o)
                                                  /usr/lib/gcc/arm-none-eabi/13.2.0/../../../../arm-none-eabi/lib/thumb/v7-m/nofp/libc_nano.a(libc_a-atexit.o)
__register_frame_info                             /usr/lib/gcc/arm-none-eabi/13.2.0/thumb/v7-m/nofp/crtbegin.o
__retarget_lock_acquire                           /usr/lib/gcc/arm-none-eabi/13.2.0/../../../../arm-none-eabi/lib/thumb/v7-m/nofp/libc_nano.a(libc_a-lock.o)
__retarget_lock_acquire_recursive                 /usr/lib/gcc/arm-none-eabi/13.2.0/../../../../arm-none-eabi/lib/thumb/v7-m/nofp/libc_nano.a(libc_a-lock.o)
                                                  /usr/lib/gcc/arm-none-eabi/13.2.0/../../../../arm-none-eabi/lib/thumb/v7-m/nofp/libc_nano.a(libc_a-fflush.o)
                                                  /usr/lib/gcc/arm-none-eabi/13.2.0/../../../../arm-none-eabi/lib/thumb/v7-m/nofp/libc_nano.a(libc_a-mlock.o)
                                                  /usr/lib/gcc/arm-none-eabi/13.2.0/../../../../arm-none-eabi/lib/thumb/v7-m/nofp/libc_nano.a(libc_a-__call_atexit.o)
                                                  /usr/lib/gcc/arm-none-eabi/13.2.0/../../../../arm-none-eabi/lib/thumb/v7-m/nofp/libc_nano.a(libc_a-__atexit.o)
                                                  /usr/lib/gcc/arm-none-eabi/13.2.0/../../../../arm-none-eabi/lib/thumb/v7-m/nofp/libc_nano.a(libc_a-findfp.o)
__retarget_lock_close                             /usr/lib/gcc/arm-none-eabi/13.2.0/../../../../arm-none-eabi/lib/thumb/v7-m/nofp/libc_nano.a(libc_a-lock.o)
__retarget_lock_close_recursive                   /usr/lib/gcc/arm-none-eabi/13.2.0/../../../../arm-none-eabi/lib/thumb/v7-m/nofp/libc_nano.a(libc_a-lock.o)
__retarget_lock_init                              /usr/lib/gcc/arm-none-eabi/13.2.0/../../../../arm-none-eabi/lib/thumb/v7-m/nofp/libc_nano.a(libc_a-lock.o)
__retarget_lock_init_recursive                    /usr/lib/gcc/arm-none-eabi/13.2.0/../../../../arm-none-eabi/lib/thumb/v7-m/nofp/libc_nano.a(libc_a-lock.o)
                                                  /usr/lib/gcc/arm-none-eabi/13.2.0/../../../../arm-none-eabi/lib/thumb/v7-m/nofp/libc_nano.a(libc_a-findfp.o)
__retarget_lock_release                           /usr/lib/gcc/arm-none-eabi/13.2.0/../../../../arm-none-eabi/lib/thumb/v7-m/nofp/libc_nano.a(libc_a-lock.o)
__retarget_lock_release_recursive                 /usr/lib/gcc/arm-none-eabi/13.2.0/../../../../arm-none-eabi/lib/thumb/v7-m/nofp/libc_nano.a(libc_a-lock.o)
                                                  /usr/lib/gcc/arm-none-eabi/13.2.0/../../../../arm-none-eabi/lib/thumb/v7-m/nofp/libc_nano.a(libc_a-fflush.o)
                                                  /usr/lib/gcc/arm-none-eabi/13.2.0/../../../../arm-none-eabi/lib/thumb/v7-m/nofp/libc_nano.a(libc_a-mlock.o)
                                                  /usr/lib/gcc/arm-none-eabi/13.2.0/../../../../arm-none-eabi/lib/thumb/v7-m/nofp/libc_nano.a(libc_a-__call_atexit.o)
                                                  /usr/lib/gcc/arm-none-eabi/13.2.0/../../../../arm-none-eabi/lib/thumb/v7-m/nofp/libc_nano.a(libc_a-__atexit.o)
                                                  /usr/lib/gcc/arm-none-eabi/13.2.0/../../../../arm-none-eabi/lib/thumb/v7-m/nofp/libc_nano.a(libc_a-findfp.o)
__retarget_lock_try_acquire                       /usr/lib/gcc/arm-none-eabi/13.2.0/../../../../arm-none-eabi/lib/thumb/v7-m/nofp/libc_nano.a(libc_a-lock.o)
__retarget_lock_try_acquire_recursive             /usr/lib/gcc/arm-none-eabi/13.2.0/../../../../arm-none-eabi/lib/thumb/v7-m/nofp/libc_nano.a(libc_a-lock.o)
__sclose                                          /usr/lib/gcc/arm-none-eabi/13.2.0/../../../../arm-none-eabi/lib/thumb/v7-m/nofp/libc_nano.a(libc_a-stdio.o)
                                                  /usr/lib/gcc/arm-none-eabi/13.2.0/../../../../arm-none-eabi/lib/thumb/v7-m/nofp/libc_nano.a(libc_a-findfp.o)
__seofread                                        /usr/lib/gcc/arm-none-eabi/13.2.0/../../../../arm-none-eabi/lib/thumb/v7-m/nofp/libc_nano.a(libc_a-stdio.o)
__sf                                              /usr/lib/gcc/arm-none-eabi/13.2.0/../../../../arm-none-eabi/lib/thumb/v7-m/nofp/libc_nano.a(libc_a-findfp.o)
                                                  /usr/lib/gcc/arm-none-eabi/13.2.0/../../../../arm-none-eabi/lib/thumb/v7-m/nofp/libc_nano.a(libc_a-impure.o)
__sflush_r                                        /usr/lib/gcc/arm-none-eabi/13.2.0/../../../../arm-none-eabi/lib/thumb/v7-m/nofp/libc_nano.a(libc_a-fflush.o)
__sfp                                             /usr/lib/gcc/arm-none-eabi/13.2.0/../../../../arm-none-eabi/lib/thumb/v7-m/nofp/libc_nano.a(libc_a-findfp.o)
__sfp_lock_acquire                                /usr/lib/gcc/arm-none-eabi/13.2.0/../../../../arm-none-eabi/lib/thumb/v7-m/nofp/libc_nano.a(libc_a-findfp.o)
__sfp_lock_release                                /usr/lib/gcc/arm-none-eabi/13.2.0/../../../../arm-none-eabi/lib/thumb/v7-m/nofp/libc_nano.a(libc_a-findfp.o)
__sglue                                           /usr/lib/gcc/arm-none-eabi/13.2.0/../../../../arm-none-eabi/lib/thumb/v7-m/nofp/libc_nano.a(libc_a-findfp.o)
                                                  /usr/lib/gcc/arm-none-eabi/13.2.0/../../../../arm-none-eabi/lib/thumb/v7-m/nofp/libc_nano.a(libc_a-fflush.o)
__sinit                                           /usr/lib/gcc/arm-none-eabi/13.2.0/../../../../arm-none-eabi/lib/thumb/v7-m/nofp/libc_nano.a(libc_a-findfp.o)
                                                  /usr/lib/gcc/arm-none-eabi/13.2.0/../../../../arm-none-eabi/lib/thumb/v7-m/nofp/libc_nano.a(libc_a-fflush.o)
__sread                                           /usr/lib/gcc/arm-none-eabi/13.2.0/../../../../arm-none-eabi/lib/thumb/v7-m/nofp/libc_nano.a(libc_a-stdio.o)
                                                  /usr/lib/gcc/arm-none-eabi/13.2.0/../../../../arm-none-eabi/lib/thumb/v7-m/nofp/libc_nano.a(libc_a-findfp.o)
__sseek                                           /usr/lib/gcc/arm-none-eabi/13.2.0/../../../../arm-none-eabi/lib/thumb/v7-m/nofp/libc_nano.a(libc_a-stdio.o)
                                                  /usr/lib/gcc/arm-none-eabi/13.2.0/../../../../arm-none-eabi/lib/thumb/v7-m/nofp/libc_nano.a(libc_a-findfp.o)
__stack                                           /usr/lib/gcc/arm-none-eabi/13.2.0/../../../../arm-none-eabi/lib/thumb/v7-m/nofp/crt0.o
__stdio_exit_handler                              /usr/lib/gcc/arm-none-eabi/13.2.0/../../../../arm-none-eabi/lib/thumb/v7-m/nofp/libc_nano.a(libc_a-findfp.o)
                                                  /usr/lib/gcc/arm-none-eabi/13.2.0/../../../../arm-none-eabi/lib/thumb/v7-m/nofp/libc_nano.a(libc_a-exit.o)
__swrite                                          /usr/lib/gcc/arm-none-eabi/13.2.0/../../../../arm-none-eabi/lib/thumb/v7-m/nofp/libc_nano.a(libc_a-stdio.o)
                                                  /usr/lib/gcc/arm-none-eabi/13.2.0/../../../../arm-none-eabi/lib/thumb/v7-m/nofp/libc_nano.a(libc_a-findfp.o)
_close                                            /usr/lib/gcc/arm-none-eabi/13.2.0/../../../../arm-none-eabi/lib/thumb/v7-m/nofp/libnosys.a(close.o)
                                                  /usr/lib/gcc/arm-none-eabi/13.2.0/../../../../arm-none-eabi/lib/thumb/v7-m/nofp/libc_nano.a(libc_a-closer.o)
_close_r                                          /usr/lib/gcc/arm-none-eabi/13.2.0/../../../../arm-none-eabi/lib/thumb/v7-m/nofp/libc_nano.a(libc_a-closer.o)
                                                  /usr/lib/gcc/arm-none-eabi/13.2.0/../../../../arm-none-eabi/lib/thumb/v7-m/nofp/libc_nano.a(libc_a-stdio.o)
_ebss                                             target/startup_stm32f103xb.o
_edata                                            target/startup_stm32f103xb.o
_estack                                           target/startup_stm32f103xb.o
_exit                                             /usr/lib/gcc/arm-none-eabi/13.2.0/../../../../arm-none-eabi/lib/thumb/v7-m/nofp/libnosys.a(_exit.o)
                                                  /usr/lib/gcc/arm-none-eabi/13.2.0/../../../../arm-none-eabi/lib/thumb/v7-m/nofp/libc_nano.a(libc_a-exit.o)
_fflush_r                                         /usr/lib/gcc/arm-none-eabi/13.2.0/../../../../arm-none-eabi/lib/thumb/v7-m/nofp/libc_nano.a(libc_a-fflush.o)
                                                  /usr/lib/gcc/arm-none-eabi/13.2.0/../../../../arm-none-eabi/lib/thumb/v7-m/nofp/libc_nano.a(libc_a-findfp.o)
_fini                                             /usr/lib/gcc/arm-none-eabi/13.2.0/thumb/v7-m/nofp/crti.o
                                                  /usr/lib/gcc/arm-none-eabi/13.2.0/../../../../arm-none-eabi/lib/thumb/v7-m/nofp/libc_nano.a(libc_a-fini.o)
_free_r                                           /usr/lib/gcc/arm-none-eabi/13.2.0/../../../../arm-none-eabi/lib/thumb/v7-m/nofp/libc_nano.a(libc_a-freer.o)
                                                  /usr/lib/gcc/arm-none-eabi/13.2.0/../../../../arm-none-eabi/lib/thumb/v7-m/nofp/libc_nano.a(libc_a-fflush.o)
                                                  /usr/lib/gcc/arm-none-eabi/13.2.0/../../../../arm-none-eabi/lib/thumb/v7-m/nofp/libc_nano.a(libc_a-reent.o)
_fwalk_sglue                                      /usr/lib/gcc/arm-none-eabi/13.2.0/../../../../arm-none-eabi/lib/thumb/v7-m/nofp/libc_nano.a(libc_a-fwalk.o)
                                                  /usr/lib/gcc/arm-none-eabi/13.2.0/../../../../arm-none-eabi/lib/thumb/v7-m/nofp/libc_nano.a(libc_a-fflush.o)
                                                  /usr/lib/gcc/arm-none-eabi/13.2.0/../../../../arm-none-eabi/lib/thumb/v7-m/nofp/libc_nano.a(libc_a-findfp.o)
_impure_data                                      /usr/lib/gcc/arm-none-eabi/13.2.0/../../../../arm-none-eabi/lib/thumb/v7-m/nofp/libc_nano.a(libc_a-impure.o)
                                                  /usr/lib/gcc/arm-none-eabi/13.2.0/../../../../arm-none-eabi/lib/thumb/v7-m/nofp/libc_nano.a(libc_a-fflush.o)
                                                  /usr/lib/gcc/arm-none-eabi/13.2.0/../../../../arm-none-eabi/lib/thumb/v7-m/nofp/libc_nano.a(libc_a-findfp.o)
_impure_ptr                                       /usr/lib/gcc/arm-none-eabi/13.2.0/../../../../arm-none-eabi/lib/thumb/v7-m/nofp/libc_nano.a(libc_a-impure.o)
                                                  /usr/lib/gcc/arm-none-eabi/13.2.0/../../../../arm-none-eabi/lib/thumb/v7-m/nofp/libc_nano.a(libc_a-fflush.o)
                                                  /usr/lib/gcc/arm-none-eabi/13.2.0/../../../../arm-none-eabi/lib/thumb/v7-m/nofp/libc_nano.a(libc_a-reent.o)
_init                                             /usr/lib/gcc/arm-none-eabi/13.2.0/thumb/v7-m/nofp/crti.o
                                                  /usr/lib/gcc/arm-none-eabi/13.2.0/../../../../arm-none-eabi/lib/thumb/v7-m/nofp/libc_nano.a(libc_a-init.o)
_lseek                                            /usr/lib/gcc/arm-none-eabi/13.2.0/../../../../arm-none-eabi/lib/thumb/v7-m/nofp/libnosys.a(lseek.o)
                                                  /usr/lib/gcc/arm-none-eabi/13.2.0/../../../../arm-none-eabi/lib/thumb/v7-m/nofp/libc_nano.a(libc_a-lseekr.o)
_lseek_r                                          /usr/lib/gcc/arm-none-eabi/13.2.0/../../../../arm-none-eabi/lib/thumb/v7-m/nofp/libc_nano.a(libc_a-lseekr.o)
                                                  /usr/lib/gcc/arm-none-eabi/13.2.0/../../../../arm-none-eabi/lib/thumb/v7-m/nofp/libc_nano.a(libc_a-stdio.o)
_mainCRTStartup                                   /usr/lib/gcc/arm-none-eabi/13.2.0/../../../../arm-none-eabi/lib/thumb/v7-m/nofp/crt0.o
_malloc_r                                         /usr/lib/gcc/arm-none-eabi/13.2.0/../../../../arm-none-eabi/lib/thumb/v7-m/nofp/libc_nano.a(libc_a-mallocr.o)
                                                  /usr/lib/gcc/arm-none-eabi/13.2.0/../../../../arm-none-eabi/lib/thumb/v7-m/nofp/libc_nano.a(libc_a-findfp.o)
_read                                             /usr/lib/gcc/arm-none-eabi/13.2.0/../../../../arm-none-eabi/lib/thumb/v7-m/nofp/libnosys.a(read.o)
                                                  /usr/lib/gcc/arm-none-eabi/13.2.0/../../../../arm-none-eabi/lib/thumb/v7-m/nofp/libc_nano.a(libc_a-readr.o)
_read_r                                           /usr/lib/gcc/arm-none-eabi/13.2.0/../../../../arm-none-eabi/lib/thumb/v7-m/nofp/libc_nano.a(libc_a-readr.o)
                                                  /usr/lib/gcc/arm-none-eabi/13.2.0/../../../../arm-none-eabi/lib/thumb/v7-m/nofp/libc_nano.a(libc_a-stdio.o)
_reclaim_reent                                    /usr/lib/gcc/arm-none-eabi/13.2.0/../../../../arm-none-eabi/lib/thumb/v7-m/nofp/libc_nano.a(libc_a-reent.o)
_sbrk                                             /usr/lib/gcc/arm-none-eabi/13.2.0/../../../../arm-none-eabi/lib/thumb/v7-m/nofp/libnosys.a(sbrk.o)
                                                  /usr/lib/gcc/arm-none-eabi/13.2.0/../../../../arm-none-eabi/lib/thumb/v7-m/nofp/libc_nano.a(libc_a-sbrkr.o)
_sbrk_r                                           /usr/lib/gcc/arm-none-eabi/13.2.0/../../../../arm-none-eabi/lib/thumb/v7-m/nofp/libc_nano.a(libc_a-sbrkr.o)
                                                  /usr/lib/gcc/arm-none-eabi/13.2.0/../../../../arm-none-eabi/lib/thumb/v7-m/nofp/libc_nano.a(libc_a-mallocr.o)
_sbss                                             target/startup_stm32f103xb.o
_sdata                                            target/startup_stm32f103xb.o
_sidata                                           target/startup_stm32f103xb.o
_stack_init                                       /usr/lib/gcc/arm-none-eabi/13.2.0/../../../../arm-none-eabi/lib/thumb/v7-m/nofp/crt0.o
_start                                            /usr/lib/gcc/arm-none-eabi/13.2.0/../../../../arm-none-eabi/lib/thumb/v7-m/nofp/crt0.o
_write                                            /usr/lib/gcc/arm-none-eabi/13.2.0/../../../../arm-none-eabi/lib/thumb/v7-m/nofp/libnosys.a(write.o)
                                                  /usr/lib/gcc/arm-none-eabi/13.2.0/../../../../arm-none-eabi/lib/thumb/v7-m/nofp/libc_nano.a(libc_a-writer.o)
_write_r                                          /usr/lib/gcc/arm-none-eabi/13.2.0/../../../../arm-none-eabi/lib/thumb/v7-m/nofp/libc_nano.a(libc_a-writer.o)
                                                  /usr/lib/gcc/arm-none-eabi/13.2.0/../../../../arm-none-eabi/lib/thumb/v7-m/nofp/libc_nano.a(libc_a-stdio.o)
atexit                                            /usr/lib/gcc/arm-none-eabi/13.2.0/../../../../arm-none-eabi/lib/thumb/v7-m/nofp/libc_nano.a(libc_a-atexit.o)
                                                  /usr/lib/gcc/arm-none-eabi/13.2.0/../../../../arm-none-eabi/lib/thumb/v7-m/nofp/crt0.o
end                                               /usr/lib/gcc/arm-none-eabi/13.2.0/../../../../arm-none-eabi/lib/thumb/v7-m/nofp/libnosys.a(sbrk.o)
errno                                             /usr/lib/gcc/arm-none-eabi/13.2.0/../../../../arm-none-eabi/lib/thumb/v7-m/nofp/libc_nano.a(libc_a-reent.o)
                                                  /usr/lib/gcc/arm-none-eabi/13.2.0/../../../../arm-none-eabi/lib/thumb/v7-m/nofp/libnosys.a(write.o)
                                                  /usr/lib/gcc/arm-none-eabi/13.2.0/../../../../arm-none-eabi/lib/thumb/v7-m/nofp/libnosys.a(read.o)
                                                  /usr/lib/gcc/arm-none-eabi/13.2.0/../../../../arm-none-eabi/lib/thumb/v7-m/nofp/libnosys.a(lseek.o)
                                                  /usr/lib/gcc/arm-none-eabi/13.2.0/../../../../arm-none-eabi/lib/thumb/v7-m/nofp/libnosys.a(close.o)
                                                  /usr/lib/gcc/arm-none-eabi/13.2.0/../../../../arm-none-eabi/lib/thumb/v7-m/nofp/libc_nano.a(libc_a-sbrkr.o)
                                                  /usr/lib/gcc/arm-none-eabi/13.2.0/../../../../arm-none-eabi/lib/thumb/v7-m/nofp/libc_nano.a(libc_a-writer.o)
                                                  /usr/lib/gcc/arm-none-eabi/13.2.0/../../../../arm-none-eabi/lib/thumb/v7-m/nofp/libc_nano.a(libc_a-readr.o)
                                                  /usr/lib/gcc/arm-none-eabi/13.2.0/../../../../arm-none-eabi/lib/thumb/v7-m/nofp/libc_nano.a(libc_a-lseekr.o)
                                                  /usr/lib/gcc/arm-none-eabi/13.2.0/../../../../arm-none-eabi/lib/thumb/v7-m/nofp/libc_nano.a(libc_a-closer.o)
exit                                              /usr/lib/gcc/arm-none-eabi/13.2.0/../../../../arm-none-eabi/lib/thumb/v7-m/nofp/libc_nano.a(libc_a-exit.o)
                                                  /usr/lib/gcc/arm-none-eabi/13.2.0/../../../../arm-none-eabi/lib/thumb/v7-m/nofp/crt0.o
fflush                                            /usr/lib/gcc/arm-none-eabi/13.2.0/../../../../arm-none-eabi/lib/thumb/v7-m/nofp/libc_nano.a(libc_a-fflush.o)
g_pfnVectors                                      target/startup_stm32f103xb.o
hardware_init_hook                                /usr/lib/gcc/arm-none-eabi/13.2.0/../../../../arm-none-eabi/lib/thumb/v7-m/nofp/crt0.o
htim2                                             target/tim.o
                                                  target/stm32f1xx_it.o
                                                  target/main.o
htim3                                             target/tim.o
                                                  target/stm32f1xx_it.o
                                                  target/main.o
main                                              target/main.o
                                                  target/startup_stm32f103xb.o
                                                  /usr/lib/gcc/arm-none-eabi/13.2.0/../../../../arm-none-eabi/lib/thumb/v7-m/nofp/crt0.o
malloc                                            /usr/lib/gcc/arm-none-eabi/13.2.0/../../../../arm-none-eabi/lib/thumb/v7-m/nofp/libc_nano.a(libc_a-__atexit.o)
memset                                            /usr/lib/gcc/arm-none-eabi/13.2.0/../../../../arm-none-eabi/lib/thumb/v7-m/nofp/libc_nano.a(libc_a-memset.o)
                                                  /usr/lib/gcc/arm-none-eabi/13.2.0/../../../../arm-none-eabi/lib/thumb/v7-m/nofp/libc_nano.a(libc_a-findfp.o)
                                                  target/tim.o
                                                  target/main.o
                                                  target/gpio.o
                                                  /usr/lib/gcc/arm-none-eabi/13.2.0/../../../../arm-none-eabi/lib/thumb/v7-m/nofp/crt0.o
pFlash                                            target/stm32f1xx_hal_flash.o
                                                  target/stm32f1xx_hal_flash_ex.o
software_init_hook                                /usr/lib/gcc/arm-none-eabi/13.2.0/../../../../arm-none-eabi/lib/thumb/v7-m/nofp/crt0.o
uwTick                                            target/stm32f1xx_hal.o
uwTickFreq                                        target/stm32f1xx_hal.o
uwTickPrio                                        target/stm32f1xx_hal.o
                                                  target/stm32f1xx_hal_rcc.o
